
=====================================================================
PHP         : sapi/cli/php
PHP_SAPI    : cli
PHP_VERSION : 8.5.0-dev
ZEND_VERSION: 4.5.0-dev
PHP_OS      : Linux - Linux devbox 6.8.0 #1 SMP PREEMPT_DYNAMIC Thu Aug  7 22:13:44 UTC 2025 x86_64
INI actual  : /app
More .INIs  :
---------------------------------------------------------------------
PHP         : /app/sapi/cgi/php-cgi
PHP_SAPI    : cgi-fcgi
PHP_VERSION : 8.5.0-dev
ZEND_VERSION: 4.5.0-dev
PHP_OS      : Linux - Linux devbox 6.8.0 #1 SMP PREEMPT_DYNAMIC Thu Aug  7 22:13:44 UTC 2025 x86_64
INI actual  : /app
More .INIs  :
---------------------------------------------------------------------
---------------------------------------------------------------------
PHP         : /app/sapi/phpdbg/phpdbg
PHP_SAPI    : phpdbg
PHP_VERSION : 8.5.0-dev
ZEND_VERSION: 4.5.0-dev
PHP_OS      : Linux - Linux devbox 6.8.0 #1 SMP PREEMPT_DYNAMIC Thu Aug  7 22:13:44 UTC 2025 x86_64
INI actual  : /app
More .INIs  :
---------------------------------------------------------------------
CWD         : /app
Extra dirs  :
VALGRIND    : Not used
=====================================================================
Running selected tests.
TEST 1/841 [ext/standard/tests/array/001.phpt][1;32mPASS[0m Test array_merge and array_walk [ext/standard/tests/array/001.phpt]
TEST 2/841 [ext/standard/tests/array/005.phpt][1;32mPASS[0m Test array_shift() function [ext/standard/tests/array/005.phpt]
TEST 3/841 [ext/standard/tests/array/006.phpt][1;32mPASS[0m Test array_pop behaviour [ext/standard/tests/array/006.phpt]
TEST 4/841 [ext/standard/tests/array/007.phpt][1;32mPASS[0m Test array_diff and array_diff_assoc behaviour [ext/standard/tests/array/007.phpt]
TEST 5/841 [ext/standard/tests/array/008.phpt][1;32mPASS[0m Test array_intersect and array_intersect_assoc behaviour [ext/standard/tests/array/008.phpt]
TEST 6/841 [ext/standard/tests/array/009.phpt][1;32mPASS[0m Test key(), current(), next() & reset() functions [ext/standard/tests/array/009.phpt]
TEST 7/841 [ext/standard/tests/array/array_all_basic.phpt][1;32mPASS[0m Test array_all() function : basic functionality [ext/standard/tests/array/array_all_basic.phpt]
TEST 8/841 [ext/standard/tests/array/array_any_basic.phpt][1;32mPASS[0m Test array_any() function : basic functionality [ext/standard/tests/array/array_any_basic.phpt]
TEST 9/841 [ext/standard/tests/array/array_change_key_case.phpt][1;32mPASS[0m Test array_change_key_case() function [ext/standard/tests/array/array_change_key_case.phpt]
TEST 10/841 [ext/standard/tests/array/array_change_key_case_variation.phpt][1;32mPASS[0m Test array_change_key_case() function - 2 [ext/standard/tests/array/array_change_key_case_variation.phpt]
TEST 11/841 [ext/standard/tests/array/array_change_key_case_variation3.phpt][1;32mPASS[0m Test array_change_key_case() function : usage variations - different data types as keys [ext/standard/tests/array/array_change_key_case_variation3.phpt]
TEST 12/841 [ext/standard/tests/array/array_change_key_case_variation4.phpt][1;32mPASS[0m Test array_change_key_case() function : usage variations - different int values for $case [ext/standard/tests/array/array_change_key_case_variation4.phpt]
TEST 13/841 [ext/standard/tests/array/array_change_key_case_variation5.phpt][1;32mPASS[0m Test array_change_key_case() function : usage variations - position of internal pointer [ext/standard/tests/array/array_change_key_case_variation5.phpt]
TEST 14/841 [ext/standard/tests/array/array_change_key_case_variation6.phpt][1;32mPASS[0m Test array_change_key_case() function : usage variations - multidimensional arrays [ext/standard/tests/array/array_change_key_case_variation6.phpt]
TEST 15/841 [ext/standard/tests/array/array_change_key_case_variation7.phpt][1;32mPASS[0m Test array_change_key_case() function : usage variations - referenced variables [ext/standard/tests/array/array_change_key_case_variation7.phpt]
TEST 16/841 [ext/standard/tests/array/array_change_key_case_variation8.phpt][1;32mPASS[0m Test array_change_key_case() function : usage variations - Different strings as keys [ext/standard/tests/array/array_change_key_case_variation8.phpt]
TEST 17/841 [ext/standard/tests/array/array_chunk2.phpt][1;32mPASS[0m basic array_chunk test [ext/standard/tests/array/array_chunk2.phpt]
TEST 18/841 [ext/standard/tests/array/array_chunk_basic1.phpt][1;32mPASS[0m Test array_chunk() function : basic functionality - default 'preserve_keys' [ext/standard/tests/array/array_chunk_basic1.phpt]
TEST 19/841 [ext/standard/tests/array/array_chunk_basic2.phpt][1;32mPASS[0m Test array_chunk() function : basic functionality - 'preserve_keys' as true/false [ext/standard/tests/array/array_chunk_basic2.phpt]
TEST 20/841 [ext/standard/tests/array/array_chunk_variation10.phpt][1;32mPASS[0m array_chunk() - variation 10 [ext/standard/tests/array/array_chunk_variation10.phpt]
TEST 21/841 [ext/standard/tests/array/array_chunk_variation11.phpt][1;32mPASS[0m array_chunk() - variation 11 [ext/standard/tests/array/array_chunk_variation11.phpt]
TEST 22/841 [ext/standard/tests/array/array_chunk_variation12.phpt][1;32mPASS[0m array_chunk() - variation 12 [ext/standard/tests/array/array_chunk_variation12.phpt]
TEST 23/841 [ext/standard/tests/array/array_chunk_variation13.phpt][1;32mPASS[0m array_chunk() - variation 13 [ext/standard/tests/array/array_chunk_variation13.phpt]
TEST 24/841 [ext/standard/tests/array/array_chunk_variation14.phpt][1;32mPASS[0m array_chunk() - variation 14 [ext/standard/tests/array/array_chunk_variation14.phpt]
TEST 25/841 [ext/standard/tests/array/array_chunk_variation15.phpt][1;32mPASS[0m array_chunk() - variation 15 [ext/standard/tests/array/array_chunk_variation15.phpt]
TEST 26/841 [ext/standard/tests/array/array_chunk_variation16.phpt][1;32mPASS[0m array_chunk() - variation 16 [ext/standard/tests/array/array_chunk_variation16.phpt]
TEST 27/841 [ext/standard/tests/array/array_chunk_variation17.phpt][1;32mPASS[0m array_chunk() - variation 17 [ext/standard/tests/array/array_chunk_variation17.phpt]
TEST 28/841 [ext/standard/tests/array/array_chunk_variation18.phpt][1;32mPASS[0m array_chunk() - variation 18 [ext/standard/tests/array/array_chunk_variation18.phpt]
TEST 29/841 [ext/standard/tests/array/array_chunk_variation19.phpt][1;32mPASS[0m array_chunk() - variation 19 [ext/standard/tests/array/array_chunk_variation19.phpt]
TEST 30/841 [ext/standard/tests/array/array_chunk_variation20.phpt][1;32mPASS[0m array_chunk() - variation 20 [ext/standard/tests/array/array_chunk_variation20.phpt]
TEST 31/841 [ext/standard/tests/array/array_chunk_variation21.phpt][1;32mPASS[0m array_chunk() - variation 21 [ext/standard/tests/array/array_chunk_variation21.phpt]
TEST 32/841 [ext/standard/tests/array/array_chunk_variation22.phpt][1;32mPASS[0m array_chunk() - variation 22 [ext/standard/tests/array/array_chunk_variation22.phpt]
TEST 33/841 [ext/standard/tests/array/array_chunk_variation23.phpt][1;32mPASS[0m array_chunk() - variation 23 [ext/standard/tests/array/array_chunk_variation23.phpt]
TEST 34/841 [ext/standard/tests/array/array_chunk_variation24.phpt][1;32mPASS[0m array_chunk() - variation 24 [ext/standard/tests/array/array_chunk_variation24.phpt]
TEST 35/841 [ext/standard/tests/array/array_chunk_variation25.phpt][1;32mPASS[0m array_chunk() - variation 25 [ext/standard/tests/array/array_chunk_variation25.phpt]
TEST 36/841 [ext/standard/tests/array/array_chunk_variation26.phpt][1;32mPASS[0m array_chunk() - variation 26 [ext/standard/tests/array/array_chunk_variation26.phpt]
TEST 37/841 [ext/standard/tests/array/array_chunk_variation27.phpt][1;32mPASS[0m array_chunk() - variation 27 [ext/standard/tests/array/array_chunk_variation27.phpt]
TEST 38/841 [ext/standard/tests/array/array_chunk_variation28.phpt][1;32mPASS[0m array_chunk() - variation 28 [ext/standard/tests/array/array_chunk_variation28.phpt]
TEST 39/841 [ext/standard/tests/array/array_chunk_variation29.phpt][1;32mPASS[0m array_chunk() - variation 29 [ext/standard/tests/array/array_chunk_variation29.phpt]
TEST 40/841 [ext/standard/tests/array/array_chunk_variation30.phpt][1;32mPASS[0m array_chunk() - variation 30 [ext/standard/tests/array/array_chunk_variation30.phpt]
TEST 41/841 [ext/standard/tests/array/array_chunk_variation31.phpt][1;32mPASS[0m array_chunk() - variation 31 [ext/standard/tests/array/array_chunk_variation31.phpt]
TEST 42/841 [ext/standard/tests/array/array_chunk_variation32.phpt][1;32mPASS[0m array_chunk() - variation 32 [ext/standard/tests/array/array_chunk_variation32.phpt]
TEST 43/841 [ext/standard/tests/array/array_chunk_variation4.phpt][1;32mPASS[0m Test array_chunk() function : usage variations - array with diff. sub arrays [ext/standard/tests/array/array_chunk_variation4.phpt]
TEST 44/841 [ext/standard/tests/array/array_chunk_variation5.phpt][1;32mPASS[0m Test array_chunk() function : usage variations - different 'size' values [ext/standard/tests/array/array_chunk_variation5.phpt]
TEST 45/841 [ext/standard/tests/array/array_chunk_variation6.phpt][1;32mPASS[0m Test array_chunk() function : usage variations - different arrays [ext/standard/tests/array/array_chunk_variation6.phpt]
TEST 46/841 [ext/standard/tests/array/array_chunk_variation7.phpt][1;32mPASS[0m Test array_chunk() function : usage variations - references [ext/standard/tests/array/array_chunk_variation7.phpt]
TEST 47/841 [ext/standard/tests/array/array_chunk_variation8.phpt][1;32mPASS[0m array_chunk() - variation 8 [ext/standard/tests/array/array_chunk_variation8.phpt]
TEST 48/841 [ext/standard/tests/array/array_chunk_variation9.phpt][1;32mPASS[0m array_chunk() - variation 9 [ext/standard/tests/array/array_chunk_variation9.phpt]
TEST 49/841 [ext/standard/tests/array/array_column_basic.phpt][1;32mPASS[0m Test array_column() function: basic functionality [ext/standard/tests/array/array_column_basic.phpt]
TEST 50/841 [ext/standard/tests/array/array_column_numeric_string_key.phpt][1;32mPASS[0m array_column() treats numeric string keys as usual [ext/standard/tests/array/array_column_numeric_string_key.phpt]
TEST 51/841 [ext/standard/tests/array/array_column_object_cast.phpt][1;32mPASS[0m Test array_column() function: basic functionality [ext/standard/tests/array/array_column_object_cast.phpt]
TEST 52/841 [ext/standard/tests/array/array_column_property_visibility.phpt][1;32mPASS[0m array_column() respects property visibility [ext/standard/tests/array/array_column_property_visibility.phpt]
TEST 53/841 [ext/standard/tests/array/array_column_scalar_index_strict_types.phpt][1;32mPASS[0m Test array_column(): Index argument with various types in strict type mode [ext/standard/tests/array/array_column_scalar_index_strict_types.phpt]
TEST 54/841 [ext/standard/tests/array/array_column_scalar_index_weak_types.phpt][1;32mPASS[0m Test array_column(): Index argument with various types in weak type mode [ext/standard/tests/array/array_column_scalar_index_weak_types.phpt]
TEST 55/841 [ext/standard/tests/array/array_column_variant.phpt][1;32mPASS[0m Test array_column() function: variant functionality [ext/standard/tests/array/array_column_variant.phpt]
TEST 56/841 [ext/standard/tests/array/array_column_variant_objects.phpt][1;32mPASS[0m Test array_column() function: testing with objects [ext/standard/tests/array/array_column_variant_objects.phpt]
TEST 57/841 [ext/standard/tests/array/array_combine.phpt][1;32mPASS[0m basic array_combine test [ext/standard/tests/array/array_combine.phpt]
TEST 58/841 [ext/standard/tests/array/array_combine_basic.phpt][1;32mPASS[0m Test array_combine() function : basic functionality [ext/standard/tests/array/array_combine_basic.phpt]
TEST 59/841 [ext/standard/tests/array/array_combine_error2.phpt][1;32mPASS[0m Test array_combine() function : error conditions - empty array [ext/standard/tests/array/array_combine_error2.phpt]
TEST 60/841 [ext/standard/tests/array/array_combine_variation3.phpt][1;32mPASS[0m Test array_combine() function : usage variations - different arrays(Bug#43424) [ext/standard/tests/array/array_combine_variation3.phpt]
TEST 61/841 [ext/standard/tests/array/array_combine_variation4.phpt][1;32mPASS[0m Test array_combine() function : usage variations - associative array with different keys(Bug#43424) [ext/standard/tests/array/array_combine_variation4.phpt]
TEST 62/841 [ext/standard/tests/array/array_combine_variation5.phpt][1;32mPASS[0m Test array_combine() function : usage variations - associative array with different values(Bug#43424) [ext/standard/tests/array/array_combine_variation5.phpt]
TEST 63/841 [ext/standard/tests/array/array_combine_variation6.phpt][1;32mPASS[0m Test array_combine() function : usage variations - binary safe checking [ext/standard/tests/array/array_combine_variation6.phpt]
TEST 64/841 [ext/standard/tests/array/array_count_values.phpt][1;32mPASS[0m array_count_values() [ext/standard/tests/array/array_count_values.phpt]
TEST 65/841 [ext/standard/tests/array/array_count_values2.phpt][1;32mPASS[0m basic array_count_values test [ext/standard/tests/array/array_count_values2.phpt]
TEST 66/841 [ext/standard/tests/array/array_count_values_variation.phpt][1;32mPASS[0m Test array_count_values() function : Test all normal parameter variations [ext/standard/tests/array/array_count_values_variation.phpt]
TEST 67/841 [ext/standard/tests/array/array_diff_1.phpt][1;32mPASS[0m Test array_diff when non-array is passed [ext/standard/tests/array/array_diff_1.phpt]
TEST 68/841 [ext/standard/tests/array/array_diff_assoc.phpt][1;32mPASS[0m basic array_diff_assoc test [ext/standard/tests/array/array_diff_assoc.phpt]
TEST 69/841 [ext/standard/tests/array/array_diff_assoc_basic.phpt][1;32mPASS[0m Test array_diff_assoc() function : basic functionality [ext/standard/tests/array/array_diff_assoc_basic.phpt]
TEST 70/841 [ext/standard/tests/array/array_diff_assoc_variation10.phpt][1;32mPASS[0m Test array_diff_assoc() function : usage variations - binary safe check [ext/standard/tests/array/array_diff_assoc_variation10.phpt]
TEST 71/841 [ext/standard/tests/array/array_diff_assoc_variation3.phpt][1;32mPASS[0m Test array_diff_assoc() function : variation - array containing different data types [ext/standard/tests/array/array_diff_assoc_variation3.phpt]
TEST 72/841 [ext/standard/tests/array/array_diff_assoc_variation4.phpt][1;32mPASS[0m Test array_diff_assoc() function : usage variations - arrays with different data types as keys [ext/standard/tests/array/array_diff_assoc_variation4.phpt]
TEST 73/841 [ext/standard/tests/array/array_diff_assoc_variation5.phpt][1;32mPASS[0m Test array_diff_assoc() function : usage variations - compare integers, floats and strings [ext/standard/tests/array/array_diff_assoc_variation5.phpt]
TEST 74/841 [ext/standard/tests/array/array_diff_assoc_variation6.phpt][1;32mPASS[0m Test array_diff_assoc() function : usage variations - strict string comparison check [ext/standard/tests/array/array_diff_assoc_variation6.phpt]
TEST 75/841 [ext/standard/tests/array/array_diff_assoc_variation7.phpt][1;32mPASS[0m Test array_diff_assoc() function : usage variations - arrays containing referenced variables [ext/standard/tests/array/array_diff_assoc_variation7.phpt]
TEST 76/841 [ext/standard/tests/array/array_diff_assoc_variation8.phpt][1;32mPASS[0m Test array_diff_assoc() function : usage variations - array containing duplicate keys and values [ext/standard/tests/array/array_diff_assoc_variation8.phpt]
TEST 77/841 [ext/standard/tests/array/array_diff_assoc_variation9.phpt][1;32mPASS[0m Test array_diff_assoc() function : usage variations - compare multidimensional arrays [ext/standard/tests/array/array_diff_assoc_variation9.phpt]
TEST 78/841 [ext/standard/tests/array/array_diff_basic.phpt][1;32mPASS[0m Test array_diff() function : basic functionality [ext/standard/tests/array/array_diff_basic.phpt]
TEST 79/841 [ext/standard/tests/array/array_diff_key.phpt][1;32mPASS[0m Test of the array_diff_key() and array_diff_ukey() [ext/standard/tests/array/array_diff_key.phpt]
TEST 80/841 [ext/standard/tests/array/array_diff_key2.phpt][1;32mPASS[0m basic array_diff_key test [ext/standard/tests/array/array_diff_key2.phpt]
TEST 81/841 [ext/standard/tests/array/array_diff_key_basic.phpt][1;32mPASS[0m Test array_diff_key() : basic functionality [ext/standard/tests/array/array_diff_key_basic.phpt]
TEST 82/841 [ext/standard/tests/array/array_diff_key_variation1.phpt][1;32mPASS[0m Test array_diff_key() function : usage variation - Passing unexpected values to first argument [ext/standard/tests/array/array_diff_key_variation1.phpt]
TEST 83/841 [ext/standard/tests/array/array_diff_key_variation2.phpt][1;32mPASS[0m Test array_diff_key() function : usage variation - Passing unexpected values to second argument [ext/standard/tests/array/array_diff_key_variation2.phpt]
TEST 84/841 [ext/standard/tests/array/array_diff_key_variation4.phpt][1;32mPASS[0m Test array_diff_key() function : usage variation - Passing integer indexed array [ext/standard/tests/array/array_diff_key_variation4.phpt]
TEST 85/841 [ext/standard/tests/array/array_diff_key_variation6.phpt][1;32mPASS[0m Test array_diff_key() function : usage variation - Passing boolean indexed array [ext/standard/tests/array/array_diff_key_variation6.phpt]
TEST 86/841 [ext/standard/tests/array/array_diff_key_variation7.phpt][1;32mPASS[0m Test array_diff_key() function : usage variation - Passing null,unset and undefined variable indexed array [ext/standard/tests/array/array_diff_key_variation7.phpt]
TEST 87/841 [ext/standard/tests/array/array_diff_key_variation8.phpt][1;32mPASS[0m Test array_diff_key() function : usage variation - Passing multi-dimensional array [ext/standard/tests/array/array_diff_key_variation8.phpt]
TEST 88/841 [ext/standard/tests/array/array_diff_single_array.phpt][1;32mPASS[0m array_diff() with single array argument [ext/standard/tests/array/array_diff_single_array.phpt]
TEST 89/841 [ext/standard/tests/array/array_diff_uassoc_basic.phpt][1;32mPASS[0m array_diff_uassoc(): Basic test [ext/standard/tests/array/array_diff_uassoc_basic.phpt]
TEST 90/841 [ext/standard/tests/array/array_diff_uassoc_error.phpt][1;32mPASS[0m Test array_diff_uassoc() function : error conditions [ext/standard/tests/array/array_diff_uassoc_error.phpt]
TEST 91/841 [ext/standard/tests/array/array_diff_uassoc_variation1.phpt][1;32mPASS[0m Test array_diff_uassoc() function : usage variation - Passing unexpected values to first argument [ext/standard/tests/array/array_diff_uassoc_variation1.phpt]
TEST 92/841 [ext/standard/tests/array/array_diff_uassoc_variation11.phpt][1;32mPASS[0m Test array_diff_uassoc() function : usage variation - Passing boolean indexed array [ext/standard/tests/array/array_diff_uassoc_variation11.phpt]
TEST 93/841 [ext/standard/tests/array/array_diff_uassoc_variation12.phpt][1;32mPASS[0m Test array_diff_uassoc() function : usage variation - Passing null,unset and undefined variable indexed array [ext/standard/tests/array/array_diff_uassoc_variation12.phpt]
TEST 94/841 [ext/standard/tests/array/array_diff_uassoc_variation13.phpt][1;32mPASS[0m Test array_diff_uassoc() function : usage variations - arrays containing referenced variables [ext/standard/tests/array/array_diff_uassoc_variation13.phpt]
TEST 95/841 [ext/standard/tests/array/array_diff_uassoc_variation2.phpt][1;32mPASS[0m Test array_diff_uassoc() function : usage variation -Passing unexpected values to second argument [ext/standard/tests/array/array_diff_uassoc_variation2.phpt]
TEST 96/841 [ext/standard/tests/array/array_diff_uassoc_variation5.phpt][1;32mPASS[0m Test array_diff_uassoc() function : usage variation - Comparing integers and floating point numbers [ext/standard/tests/array/array_diff_uassoc_variation5.phpt]
TEST 97/841 [ext/standard/tests/array/array_diff_uassoc_variation6.phpt][1;32mPASS[0m Test array_diff_uassoc() function : usage variation - Comparing floating points with strings having integers and float [ext/standard/tests/array/array_diff_uassoc_variation6.phpt]
TEST 98/841 [ext/standard/tests/array/array_diff_uassoc_variation7.phpt][1;32mPASS[0m Test array_diff_uassoc() function : usage variation - Comparing strings containing integers and float [ext/standard/tests/array/array_diff_uassoc_variation7.phpt]
TEST 99/841 [ext/standard/tests/array/array_diff_uassoc_variation8.phpt][1;32mPASS[0m Test array_diff_uassoc() function : usage variation - Comparing integers with strings containing integers and float [ext/standard/tests/array/array_diff_uassoc_variation8.phpt]
TEST 100/841 [ext/standard/tests/array/array_diff_uassoc_variation9.phpt][1;32mPASS[0m Test array_diff_uassoc() function : usage variation - Passing integer indexed array [ext/standard/tests/array/array_diff_uassoc_variation9.phpt]
TEST 101/841 [ext/standard/tests/array/array_diff_ukey_basic.phpt][1;32mPASS[0m array_diff_ukey() : Basic test. [ext/standard/tests/array/array_diff_ukey_basic.phpt]
TEST 102/841 [ext/standard/tests/array/array_diff_ukey_variation1.phpt][1;32mPASS[0m Test array_diff_ukey() function : usage variation - Passing unexpected values to first argument [ext/standard/tests/array/array_diff_ukey_variation1.phpt]
TEST 103/841 [ext/standard/tests/array/array_diff_ukey_variation10.phpt][1;32mPASS[0m Test array_diff_ukey() function : usage variation - Passing non-existing function name to callback [ext/standard/tests/array/array_diff_ukey_variation10.phpt]
TEST 104/841 [ext/standard/tests/array/array_diff_ukey_variation2.phpt][1;32mPASS[0m Test array_diff_ukey() function : usage variation - Passing unexpected values to second argument [ext/standard/tests/array/array_diff_ukey_variation2.phpt]
TEST 105/841 [ext/standard/tests/array/array_diff_ukey_variation5.phpt][1;32mPASS[0m Test array_diff_ukey() function : usage variation - Passing multi-dimensional array [ext/standard/tests/array/array_diff_ukey_variation5.phpt]
TEST 106/841 [ext/standard/tests/array/array_diff_ukey_variation6.phpt][1;32mPASS[0m Test array_diff_ukey() function : usage variation - Passing integer indexed array [ext/standard/tests/array/array_diff_ukey_variation6.phpt]
TEST 107/841 [ext/standard/tests/array/array_diff_ukey_variation8.phpt][1;32mPASS[0m Test array_diff_ukey() function : usage variation - Passing boolean indexed array [ext/standard/tests/array/array_diff_ukey_variation8.phpt]
TEST 108/841 [ext/standard/tests/array/array_diff_ukey_variation9.phpt][1;32mPASS[0m Test array_diff_ukey() function : usage variation - Passing null,unset and undefined variable indexed array [ext/standard/tests/array/array_diff_ukey_variation9.phpt]
TEST 109/841 [ext/standard/tests/array/array_diff_variation10.phpt][1;32mPASS[0m Test array_diff() function : usage variations - binary safe checking [ext/standard/tests/array/array_diff_variation10.phpt]
TEST 110/841 [ext/standard/tests/array/array_diff_variation3.phpt][1;32mPASS[0m Test array_diff() function : usage variations  - array with different data types as values [ext/standard/tests/array/array_diff_variation3.phpt]
TEST 111/841 [ext/standard/tests/array/array_diff_variation4.phpt][1;32mPASS[0m Test array_diff() function : usage variations  - array with different data types as values [ext/standard/tests/array/array_diff_variation4.phpt]
TEST 112/841 [ext/standard/tests/array/array_diff_variation5.phpt][1;32mPASS[0m Test array_diff() function : usage variations - comparing integers, float
and string array values [ext/standard/tests/array/array_diff_variation5.phpt]
TEST 113/841 [ext/standard/tests/array/array_diff_variation6.phpt][1;32mPASS[0m Test array_diff() function : usage variations - array containing duplicate keys and values [ext/standard/tests/array/array_diff_variation6.phpt]
TEST 114/841 [ext/standard/tests/array/array_diff_variation7.phpt][1;32mPASS[0m Test array_diff() function : usage variations - arrays containing referenced variables [ext/standard/tests/array/array_diff_variation7.phpt]
TEST 115/841 [ext/standard/tests/array/array_diff_variation8.phpt][1;32mPASS[0m Test array_diff() function : usage variations - associative arrays containing different data types [ext/standard/tests/array/array_diff_variation8.phpt]
TEST 116/841 [ext/standard/tests/array/array_diff_variation9.phpt][1;32mPASS[0m Test array_diff() function : usage variations - multidimensional arrays [ext/standard/tests/array/array_diff_variation9.phpt]
TEST 117/841 [ext/standard/tests/array/array_fill.phpt][1;32mPASS[0m basic array_fill test [ext/standard/tests/array/array_fill.phpt]
TEST 118/841 [ext/standard/tests/array/array_fill_basic.phpt][1;32mPASS[0m Test array_fill() function : basic functionality [ext/standard/tests/array/array_fill_basic.phpt]
TEST 119/841 [ext/standard/tests/array/array_fill_error.phpt][1;32mPASS[0m Test array_fill() function : error conditions [ext/standard/tests/array/array_fill_error.phpt]
TEST 120/841 [ext/standard/tests/array/array_fill_error2.phpt][1;32mPASS[0m Test array_fill() function : error conditions - count is too large [ext/standard/tests/array/array_fill_error2.phpt]
TEST 121/841 [ext/standard/tests/array/array_fill_keys.phpt][1;32mPASS[0m basic array_fill_keys test [ext/standard/tests/array/array_fill_keys.phpt]
TEST 122/841 [ext/standard/tests/array/array_fill_keys_variation1.phpt][1;32mPASS[0m Test array_fill_keys() function : variation of parameter [ext/standard/tests/array/array_fill_keys_variation1.phpt]
TEST 123/841 [ext/standard/tests/array/array_fill_keys_variation2.phpt][1;32mPASS[0m Test array_fill_keys() function : variation of parameter [ext/standard/tests/array/array_fill_keys_variation2.phpt]
TEST 124/841 [ext/standard/tests/array/array_fill_keys_variation3.phpt][1;32mPASS[0m Test array_fill_keys() function : variation of parameter [ext/standard/tests/array/array_fill_keys_variation3.phpt]
TEST 125/841 [ext/standard/tests/array/array_fill_keys_variation4.phpt][1;32mPASS[0m Test array_fill_keys() function : variation of parameter [ext/standard/tests/array/array_fill_keys_variation4.phpt]
TEST 126/841 [ext/standard/tests/array/array_fill_object.phpt][1;32mPASS[0m Test array_fill() function : usage variations - various object values for 'val' argument [ext/standard/tests/array/array_fill_object.phpt]
TEST 127/841 [ext/standard/tests/array/array_fill_variation3.phpt][1;32mPASS[0m Test array_fill() function : usage variations  - unexpected values for 'val' argument [ext/standard/tests/array/array_fill_variation3.phpt]
TEST 128/841 [ext/standard/tests/array/array_fill_variation4.phpt][1;32mPASS[0m Test array_fill() function : usage variations - using return value of array_fill for 'val' argument [ext/standard/tests/array/array_fill_variation4.phpt]
TEST 129/841 [ext/standard/tests/array/array_fill_variation5.phpt][1;32mPASS[0m Test array_fill() function : usage variations - different types of array values for 'val' argument [ext/standard/tests/array/array_fill_variation5.phpt]
TEST 130/841 [ext/standard/tests/array/array_fill_variation6.phpt][1;32mPASS[0m array_fill(): last element [ext/standard/tests/array/array_fill_variation6.phpt]
TEST 131/841 [ext/standard/tests/array/array_filter.phpt][1;32mPASS[0m basic array_filter test [ext/standard/tests/array/array_filter.phpt]
TEST 132/841 [ext/standard/tests/array/array_filter_basic.phpt][1;32mPASS[0m Test array_filter() function : basic functionality [ext/standard/tests/array/array_filter_basic.phpt]
TEST 133/841 [ext/standard/tests/array/array_filter_object.phpt][1;32mPASS[0m Test array_filter() function : object functionality [ext/standard/tests/array/array_filter_object.phpt]
TEST 134/841 [ext/standard/tests/array/array_filter_variation10.phpt][1;32mPASS[0m Test array_filter() function : usage variations - using the array keys inside 'callback' [ext/standard/tests/array/array_filter_variation10.phpt]
TEST 135/841 [ext/standard/tests/array/array_filter_variation3.phpt][1;32mPASS[0m Test array_filter() function : usage variations - Different types of array for 'input' argument [ext/standard/tests/array/array_filter_variation3.phpt]
TEST 136/841 [ext/standard/tests/array/array_filter_variation4.phpt][1;32mPASS[0m Test array_filter() function : usage variations - Different types of 'callback' function [ext/standard/tests/array/array_filter_variation4.phpt]
TEST 137/841 [ext/standard/tests/array/array_filter_variation5.phpt][1;32mPASS[0m Test array_filter() function : usage variations - 'input' argument with different false entries [ext/standard/tests/array/array_filter_variation5.phpt]
TEST 138/841 [ext/standard/tests/array/array_filter_variation6.phpt][1;32mPASS[0m Test array_filter() function : usage variations - 'input' array containing references [ext/standard/tests/array/array_filter_variation6.phpt]
TEST 139/841 [ext/standard/tests/array/array_filter_variation7.phpt][1;32mPASS[0m Test array_filter() function : usage variations - anonymous callback functions [ext/standard/tests/array/array_filter_variation7.phpt]
TEST 140/841 [ext/standard/tests/array/array_filter_variation8.phpt][1;32mPASS[0m Test array_filter() function : usage variations - Callback function with different return values [ext/standard/tests/array/array_filter_variation8.phpt]
TEST 141/841 [ext/standard/tests/array/array_filter_variation9.phpt][1;32mPASS[0m Test array_filter() function : usage variations - built-in functions as 'callback' argument [ext/standard/tests/array/array_filter_variation9.phpt]
TEST 142/841 [ext/standard/tests/array/array_find_basic.phpt][1;32mPASS[0m Test array_find() function : basic functionality [ext/standard/tests/array/array_find_basic.phpt]
TEST 143/841 [ext/standard/tests/array/array_find_key_basic.phpt][1;32mPASS[0m Test array_find_key() function : basic functionality [ext/standard/tests/array/array_find_key_basic.phpt]
TEST 144/841 [ext/standard/tests/array/array_find_types.phpt][1;32mPASS[0m basic array_find test [ext/standard/tests/array/array_find_types.phpt]
TEST 145/841 [ext/standard/tests/array/array_first_last.phpt][1;32mPASS[0m array_first()/array_last() [ext/standard/tests/array/array_first_last.phpt]
TEST 146/841 [ext/standard/tests/array/array_first_last_errors.phpt][1;32mPASS[0m array_first()/array_last() error cases [ext/standard/tests/array/array_first_last_errors.phpt]
TEST 147/841 [ext/standard/tests/array/array_flip.phpt][1;32mPASS[0m basic array_flip test [ext/standard/tests/array/array_flip.phpt]
TEST 148/841 [ext/standard/tests/array/array_flip_basic.phpt][1;32mPASS[0m Test array_flip() function : basic functionality [ext/standard/tests/array/array_flip_basic.phpt]
TEST 149/841 [ext/standard/tests/array/array_flip_variation2.phpt][1;32mPASS[0m Test array_flip() function : usage variations - 'input' array with different keys [ext/standard/tests/array/array_flip_variation2.phpt]
TEST 150/841 [ext/standard/tests/array/array_flip_variation3.phpt][1;32mPASS[0m Test array_flip() function : usage variations - 'input' argument with different valid values [ext/standard/tests/array/array_flip_variation3.phpt]
TEST 151/841 [ext/standard/tests/array/array_flip_variation4.phpt][1;32mPASS[0m Test array_flip() function : usage variations - 'input' argument with different invalid values for keys [ext/standard/tests/array/array_flip_variation4.phpt]
TEST 152/841 [ext/standard/tests/array/array_flip_variation5.phpt][1;32mPASS[0m Test array_flip() function : usage variations - 'input' argument with repeatitive keys and values [ext/standard/tests/array/array_flip_variation5.phpt]
TEST 153/841 [ext/standard/tests/array/array_intersect_1.phpt][1;32mPASS[0m Test of the *intersect* bunch of functions (both assoc and non-assoc) [ext/standard/tests/array/array_intersect_1.phpt]
TEST 154/841 [ext/standard/tests/array/array_intersect_assoc_basic.phpt][1;32mPASS[0m Test array_intersect_assoc() function : basic functionality [ext/standard/tests/array/array_intersect_assoc_basic.phpt]
TEST 155/841 [ext/standard/tests/array/array_intersect_assoc_variation1.phpt][1;32mPASS[0m Test array_intersect_assoc() function : usage variations - unexpected values for 'array1' argument(Bug#43196) [ext/standard/tests/array/array_intersect_assoc_variation1.phpt]
TEST 156/841 [ext/standard/tests/array/array_intersect_assoc_variation10.phpt][1;32mPASS[0m Test array_intersect_assoc() function : usage variations - binary safe checking [ext/standard/tests/array/array_intersect_assoc_variation10.phpt]
TEST 157/841 [ext/standard/tests/array/array_intersect_assoc_variation2.phpt][1;32mPASS[0m Test array_intersect_assoc() function : usage variations - unexpected values for 'array2' argument(Bug#43196) [ext/standard/tests/array/array_intersect_assoc_variation2.phpt]
TEST 158/841 [ext/standard/tests/array/array_intersect_assoc_variation3.phpt][1;32mPASS[0m Test array_intersect_assoc() function : usage variations - different arrays for 'arr1' argument [ext/standard/tests/array/array_intersect_assoc_variation3.phpt]
TEST 159/841 [ext/standard/tests/array/array_intersect_assoc_variation4.phpt][1;32mPASS[0m Test array_intersect_assoc() function : usage variations - different arrays for 'arr2' argument [ext/standard/tests/array/array_intersect_assoc_variation4.phpt]
TEST 160/841 [ext/standard/tests/array/array_intersect_assoc_variation5.phpt][1;32mPASS[0m Test array_intersect_assoc() function : usage variations - assoc array with diff keys for 'arr1' argument [ext/standard/tests/array/array_intersect_assoc_variation5.phpt]
TEST 161/841 [ext/standard/tests/array/array_intersect_assoc_variation6.phpt][1;32mPASS[0m Test array_intersect_assoc() function : usage variations - assoc array with diff keys for 'arr2' argument [ext/standard/tests/array/array_intersect_assoc_variation6.phpt]
TEST 162/841 [ext/standard/tests/array/array_intersect_assoc_variation7.phpt][1;32mPASS[0m Test array_intersect_assoc() function : usage variations - assoc array with diff values for 'arr1' argument [ext/standard/tests/array/array_intersect_assoc_variation7.phpt]
TEST 163/841 [ext/standard/tests/array/array_intersect_assoc_variation8.phpt][1;32mPASS[0m Test array_intersect_assoc() function : usage variations - assoc array with diff values for 'arr2' argument [ext/standard/tests/array/array_intersect_assoc_variation8.phpt]
TEST 164/841 [ext/standard/tests/array/array_intersect_assoc_variation9.phpt][1;32mPASS[0m Test array_intersect_assoc() function : usage variations - two dimensional arrays for $arr1 and $arr2 arguments [ext/standard/tests/array/array_intersect_assoc_variation9.phpt]
TEST 165/841 [ext/standard/tests/array/array_intersect_basic.phpt][1;32mPASS[0m Test array_intersect() function : basic functionality [ext/standard/tests/array/array_intersect_basic.phpt]
TEST 166/841 [ext/standard/tests/array/array_intersect_key.phpt][1;32mPASS[0m Test of the array_intersect_key() and array_intersect_ukey() [ext/standard/tests/array/array_intersect_key.phpt]
TEST 167/841 [ext/standard/tests/array/array_intersect_key_basic.phpt][1;32mPASS[0m array_intersect_key(): Basic Test [ext/standard/tests/array/array_intersect_key_basic.phpt]
TEST 168/841 [ext/standard/tests/array/array_intersect_key_variation1.phpt][1;32mPASS[0m Test array_intersect_key() function : usage variation - Passing unexpected values to first argument [ext/standard/tests/array/array_intersect_key_variation1.phpt]
TEST 169/841 [ext/standard/tests/array/array_intersect_key_variation2.phpt][1;32mPASS[0m Test array_intersect_key() function : usage variation - Passing unexpected values to second argument [ext/standard/tests/array/array_intersect_key_variation2.phpt]
TEST 170/841 [ext/standard/tests/array/array_intersect_key_variation4.phpt][1;32mPASS[0m Test array_intersect_key() function : usage variation - Passing integer indexed array [ext/standard/tests/array/array_intersect_key_variation4.phpt]
TEST 171/841 [ext/standard/tests/array/array_intersect_key_variation6.phpt][1;32mPASS[0m Test array_intersect_key() function : usage variation - Passing boolean indexed array [ext/standard/tests/array/array_intersect_key_variation6.phpt]
TEST 172/841 [ext/standard/tests/array/array_intersect_key_variation7.phpt][1;32mPASS[0m Test array_intersect_key() function : usage variation - Passing null,unset and undefeined variable indexed array [ext/standard/tests/array/array_intersect_key_variation7.phpt]
TEST 173/841 [ext/standard/tests/array/array_intersect_key_variation8.phpt][1;32mPASS[0m Test array_intersect_key() function : usage variation - Passing Multi dimensional array [ext/standard/tests/array/array_intersect_key_variation8.phpt]
TEST 174/841 [ext/standard/tests/array/array_intersect_uassoc_basic.phpt][1;32mPASS[0m array_intersect_uassoc(): Basic test [ext/standard/tests/array/array_intersect_uassoc_basic.phpt]
TEST 175/841 [ext/standard/tests/array/array_intersect_uassoc_variation1.phpt][1;32mPASS[0m Test array_intersect_uassoc() function : usage variation - Passing unexpected values to first argument [ext/standard/tests/array/array_intersect_uassoc_variation1.phpt]
TEST 176/841 [ext/standard/tests/array/array_intersect_uassoc_variation10.phpt][1;32mPASS[0m Test array_intersect_uassoc() function : usage variation - Passing class/object methods to callback [ext/standard/tests/array/array_intersect_uassoc_variation10.phpt]
TEST 177/841 [ext/standard/tests/array/array_intersect_uassoc_variation2.phpt][1;32mPASS[0m Test array_intersect_uassoc() function : usage variation - Passing unexpected values to second argument [ext/standard/tests/array/array_intersect_uassoc_variation2.phpt]
TEST 178/841 [ext/standard/tests/array/array_intersect_uassoc_variation5.phpt][1;32mPASS[0m Test array_intersect_uassoc() function : usage variation - Intersection of integers with floats and strings. [ext/standard/tests/array/array_intersect_uassoc_variation5.phpt]
TEST 179/841 [ext/standard/tests/array/array_intersect_uassoc_variation6.phpt][1;32mPASS[0m Test array_intersect_uassoc() function : usage variation - Intersection of floating points with strings. [ext/standard/tests/array/array_intersect_uassoc_variation6.phpt]
TEST 180/841 [ext/standard/tests/array/array_intersect_uassoc_variation7.phpt][1;32mPASS[0m Test array_intersect_uassoc() function : usage variation - Intersection of strings containing integers, float [ext/standard/tests/array/array_intersect_uassoc_variation7.phpt]
TEST 181/841 [ext/standard/tests/array/array_intersect_uassoc_variation8.phpt][1;32mPASS[0m Test array_intersect_uassoc() function : usage variation - arrays containing referenced variables [ext/standard/tests/array/array_intersect_uassoc_variation8.phpt]
TEST 182/841 [ext/standard/tests/array/array_intersect_ukey_basic.phpt][1;32mPASS[0m array_intersect_ukey(): Basic test. [ext/standard/tests/array/array_intersect_ukey_basic.phpt]
TEST 183/841 [ext/standard/tests/array/array_intersect_ukey_variation1.phpt][1;32mPASS[0m Test array_intersect_ukey() function : usage variation - Passing unexpected values to first argument [ext/standard/tests/array/array_intersect_ukey_variation1.phpt]
TEST 184/841 [ext/standard/tests/array/array_intersect_ukey_variation2.phpt][1;32mPASS[0m Test array_intersect_ukey() function : usage variation - Passing unexpected values to second argument [ext/standard/tests/array/array_intersect_ukey_variation2.phpt]
TEST 185/841 [ext/standard/tests/array/array_intersect_ukey_variation5.phpt][1;32mPASS[0m Test array_intersect_ukey() function : usage variation - Intersection of integers with floats and strings. [ext/standard/tests/array/array_intersect_ukey_variation5.phpt]
TEST 186/841 [ext/standard/tests/array/array_intersect_ukey_variation6.phpt][1;32mPASS[0m Test array_intersect_ukey() function : usage variation - Intersection of floating points with strings. [ext/standard/tests/array/array_intersect_ukey_variation6.phpt]
TEST 187/841 [ext/standard/tests/array/array_intersect_ukey_variation7.phpt][1;32mPASS[0m Test array_intersect_ukey() function : usage variation - Intersection of strings containing integer and float [ext/standard/tests/array/array_intersect_ukey_variation7.phpt]
TEST 188/841 [ext/standard/tests/array/array_intersect_ukey_variation8.phpt][1;32mPASS[0m Test array_intersect_ukey() function : usage variation - Passing non-existing function name to callback [ext/standard/tests/array/array_intersect_ukey_variation8.phpt]
TEST 189/841 [ext/standard/tests/array/array_intersect_ukey_variation9.phpt][1;32mPASS[0m Test array_intersect_ukey() function : usage variation - Passing class/object methods to callback [ext/standard/tests/array/array_intersect_ukey_variation9.phpt]
TEST 190/841 [ext/standard/tests/array/array_intersect_variation1.phpt][1;32mPASS[0m Test array_intersect() function : usage variations - unexpected values for 'array1' argument [ext/standard/tests/array/array_intersect_variation1.phpt]
TEST 191/841 [ext/standard/tests/array/array_intersect_variation10.phpt][1;32mPASS[0m Test array_intersect() function : usage variations - binary safe checking [ext/standard/tests/array/array_intersect_variation10.phpt]
TEST 192/841 [ext/standard/tests/array/array_intersect_variation2.phpt][1;32mPASS[0m Test array_intersect() function : usage variations - unexpected values for 'array2' argument [ext/standard/tests/array/array_intersect_variation2.phpt]
TEST 193/841 [ext/standard/tests/array/array_intersect_variation3.phpt][1;32mPASS[0m Test array_intersect() function : usage variations - different arrays for 'arr1' argument [ext/standard/tests/array/array_intersect_variation3.phpt]
TEST 194/841 [ext/standard/tests/array/array_intersect_variation4.phpt][1;32mPASS[0m Test array_intersect() function : usage variations - different arrays for 'arr2' argument [ext/standard/tests/array/array_intersect_variation4.phpt]
TEST 195/841 [ext/standard/tests/array/array_intersect_variation5.phpt][1;32mPASS[0m Test array_intersect() function : usage variations - assoc array with diff keys for 'arr1' argument [ext/standard/tests/array/array_intersect_variation5.phpt]
TEST 196/841 [ext/standard/tests/array/array_intersect_variation6.phpt][1;32mPASS[0m Test array_intersect() function : usage variations - assoc array with diff keys for 'arr2' argument [ext/standard/tests/array/array_intersect_variation6.phpt]
TEST 197/841 [ext/standard/tests/array/array_intersect_variation7.phpt][1;32mPASS[0m Test array_intersect() function : usage variations - assoc array with diff values for 'arr1' argument [ext/standard/tests/array/array_intersect_variation7.phpt]
TEST 198/841 [ext/standard/tests/array/array_intersect_variation8.phpt][1;32mPASS[0m Test array_intersect() function : usage variations - assoc array with diff values for 'arr2' argument [ext/standard/tests/array/array_intersect_variation8.phpt]
TEST 199/841 [ext/standard/tests/array/array_intersect_variation9.phpt][1;32mPASS[0m Test array_intersect() function : usage variations - two dimensional arrays for $arr1 and $arr2 arguments(Bug#43109) [ext/standard/tests/array/array_intersect_variation9.phpt]
TEST 200/841 [ext/standard/tests/array/array_key_exists.phpt][1;32mPASS[0m Test array_key_exists() function [ext/standard/tests/array/array_key_exists.phpt]
TEST 201/841 [ext/standard/tests/array/array_key_exists_basic.phpt][1;32mPASS[0m Test array_key_exists() function : basic functionality [ext/standard/tests/array/array_key_exists_basic.phpt]
TEST 202/841 [ext/standard/tests/array/array_key_exists_variation1.phpt][1;32mPASS[0m Test array_key_exists() function : usage variations - Pass different data types as $key arg [ext/standard/tests/array/array_key_exists_variation1.phpt]
TEST 203/841 [ext/standard/tests/array/array_key_exists_variation3.phpt][1;32mPASS[0m Test array_key_exists() function : usage variations - floats and casting to ints [ext/standard/tests/array/array_key_exists_variation3.phpt]
TEST 204/841 [ext/standard/tests/array/array_key_exists_variation4.phpt][1;32mPASS[0m Test array_key_exists() function : usage variations - referenced variables [ext/standard/tests/array/array_key_exists_variation4.phpt]
TEST 205/841 [ext/standard/tests/array/array_key_exists_variation5.phpt][1;32mPASS[0m Test array_key_exists() function : usage variations - multidimensional arrays [ext/standard/tests/array/array_key_exists_variation5.phpt]
TEST 206/841 [ext/standard/tests/array/array_key_exists_variation6.phpt][1;32mPASS[0m Test array_key_exists() function : usage variations -  equality test for certain data types [ext/standard/tests/array/array_key_exists_variation6.phpt]
TEST 207/841 [ext/standard/tests/array/array_key_exists_variation7.phpt][1;32mPASS[0m Test array_key_exists() function : usage variations - position of internal array pointer [ext/standard/tests/array/array_key_exists_variation7.phpt]
TEST 208/841 [ext/standard/tests/array/array_key_exists_variation8.phpt][1;32mPASS[0m Test array_key_exists() function : usage variations - array keys are different data types [ext/standard/tests/array/array_key_exists_variation8.phpt]
TEST 209/841 [ext/standard/tests/array/array_key_first.phpt][1;32mPASS[0m Test array_key_first() function [ext/standard/tests/array/array_key_first.phpt]
TEST 210/841 [ext/standard/tests/array/array_key_first_variation.phpt][1;32mPASS[0m Test array_key_first() function (variation) [ext/standard/tests/array/array_key_first_variation.phpt]
TEST 211/841 [ext/standard/tests/array/array_key_last.phpt][1;32mPASS[0m Test array_key_last() function [ext/standard/tests/array/array_key_last.phpt]
TEST 212/841 [ext/standard/tests/array/array_key_last_variation.phpt][1;32mPASS[0m Test array_key_last() function (variation) [ext/standard/tests/array/array_key_last_variation.phpt]
TEST 213/841 [ext/standard/tests/array/array_keys_basic.phpt][1;32mPASS[0m Test array_keys() function (basic) [ext/standard/tests/array/array_keys_basic.phpt]
TEST 214/841 [ext/standard/tests/array/array_keys_on_GLOBALS.phpt][1;32mPASS[0m Using array_keys() on $GLOBALS [ext/standard/tests/array/array_keys_on_GLOBALS.phpt]
TEST 215/841 [ext/standard/tests/array/array_keys_variation_001.phpt][1;32mPASS[0m Test array_keys() function (variation - 1) [ext/standard/tests/array/array_keys_variation_001.phpt]
TEST 216/841 [ext/standard/tests/array/array_keys_variation_002.phpt][1;32mPASS[0m Test array_keys() function (variation - 2) [ext/standard/tests/array/array_keys_variation_002.phpt]
TEST 217/841 [ext/standard/tests/array/array_keys_variation_003.phpt][1;32mPASS[0m Test array_keys() function (variation - 3) [ext/standard/tests/array/array_keys_variation_003.phpt]
TEST 218/841 [ext/standard/tests/array/array_keys_variation_004.phpt][1;32mPASS[0m Test array_keys() function (variation - 4) [ext/standard/tests/array/array_keys_variation_004.phpt]
TEST 219/841 [ext/standard/tests/array/array_keys_variation_005.phpt][1;32mPASS[0m Test array_keys() function (variation - 5) [ext/standard/tests/array/array_keys_variation_005.phpt]
TEST 220/841 [ext/standard/tests/array/array_map_001.phpt][1;32mPASS[0m array_map() and exceptions in the callback [ext/standard/tests/array/array_map_001.phpt]
TEST 221/841 [ext/standard/tests/array/array_map_basic.phpt][1;32mPASS[0m Test array_map() function : basic functionality [ext/standard/tests/array/array_map_basic.phpt]
TEST 222/841 [ext/standard/tests/array/array_map_error.phpt][1;32mPASS[0m Test array_map() function : error conditions [ext/standard/tests/array/array_map_error.phpt]
TEST 223/841 [ext/standard/tests/array/array_map_object1.phpt][1;32mPASS[0m Test array_map() function : usage variations - object functionality [ext/standard/tests/array/array_map_object1.phpt]
TEST 224/841 [ext/standard/tests/array/array_map_object2.phpt][1;32mPASS[0m Test array_map() function : object functionality - with non-existent class and method [ext/standard/tests/array/array_map_object2.phpt]
TEST 225/841 [ext/standard/tests/array/array_map_object3.phpt][1;32mPASS[0m Test array_map() function : object functionality - class methods as callback function [ext/standard/tests/array/array_map_object3.phpt]
TEST 226/841 [ext/standard/tests/array/array_map_variation1.phpt][1;32mPASS[0m Test array_map() function : usage variations - string keys [ext/standard/tests/array/array_map_variation1.phpt]
TEST 227/841 [ext/standard/tests/array/array_map_variation10.phpt][1;32mPASS[0m Test array_map() function : usage variations - anonymous callback function [ext/standard/tests/array/array_map_variation10.phpt]
TEST 228/841 [ext/standard/tests/array/array_map_variation11.phpt][1;32mPASS[0m Test array_map() function : usage variations - with recursive callback [ext/standard/tests/array/array_map_variation11.phpt]
TEST 229/841 [ext/standard/tests/array/array_map_variation12.phpt][1;32mPASS[0m Test array_map() function : usage variations - built-in function as callback [ext/standard/tests/array/array_map_variation12.phpt]
TEST 230/841 [ext/standard/tests/array/array_map_variation13.phpt][1;32mPASS[0m Test array_map() function : usage variations - callback function with different return types [ext/standard/tests/array/array_map_variation13.phpt]
TEST 231/841 [ext/standard/tests/array/array_map_variation14.phpt][1;32mPASS[0m Test array_map() function : usage variations - null value for 'callback' argument [ext/standard/tests/array/array_map_variation14.phpt]
TEST 232/841 [ext/standard/tests/array/array_map_variation15.phpt][1;32mPASS[0m Test array_map() function : usage variations - non existent 'callback' function [ext/standard/tests/array/array_map_variation15.phpt]
TEST 233/841 [ext/standard/tests/array/array_map_variation16.phpt][1;32mPASS[0m Test array_map() function : usage variations - failing built-in functions & language constructs [ext/standard/tests/array/array_map_variation16.phpt]
TEST 234/841 [ext/standard/tests/array/array_map_variation17.phpt][1;32mPASS[0m Test array_map() function : usage variations - unexpected values for 'callback' argument [ext/standard/tests/array/array_map_variation17.phpt]
TEST 235/841 [ext/standard/tests/array/array_map_variation19.phpt][1;32mPASS[0m Test array_map() function : usage variations - callback pass semantics [ext/standard/tests/array/array_map_variation19.phpt]
TEST 236/841 [ext/standard/tests/array/array_map_variation2.phpt][1;32mPASS[0m Test array_map() function : usage variations - references [ext/standard/tests/array/array_map_variation2.phpt]
TEST 237/841 [ext/standard/tests/array/array_map_variation3.phpt][1;32mPASS[0m Test array_map() function : usage variations - different arrays for 'arr1' argument [ext/standard/tests/array/array_map_variation3.phpt]
TEST 238/841 [ext/standard/tests/array/array_map_variation4.phpt][1;32mPASS[0m Test array_map() function : usage variations - associative array with different keys [ext/standard/tests/array/array_map_variation4.phpt]
TEST 239/841 [ext/standard/tests/array/array_map_variation5.phpt][1;32mPASS[0m Test array_map() function : usage variations - associative array with different values [ext/standard/tests/array/array_map_variation5.phpt]
TEST 240/841 [ext/standard/tests/array/array_map_variation6.phpt][1;32mPASS[0m Test array_map() function : usage variations - array having subarrays [ext/standard/tests/array/array_map_variation6.phpt]
TEST 241/841 [ext/standard/tests/array/array_map_variation7.phpt][1;32mPASS[0m Test array_map() function : usage variations - arrays of different size [ext/standard/tests/array/array_map_variation7.phpt]
TEST 242/841 [ext/standard/tests/array/array_map_variation8.phpt][1;32mPASS[0m Test array_map() function : usage variations - array with references [ext/standard/tests/array/array_map_variation8.phpt]
TEST 243/841 [ext/standard/tests/array/array_map_variation9.phpt][1;32mPASS[0m Test array_map() function : usage variations - binary safe checking [ext/standard/tests/array/array_map_variation9.phpt]
TEST 244/841 [ext/standard/tests/array/array_merge.phpt][1;32mPASS[0m Test array_merge() function [ext/standard/tests/array/array_merge.phpt]
TEST 245/841 [ext/standard/tests/array/array_merge_basic.phpt][1;32mPASS[0m Test array_merge() function : basic functionality [ext/standard/tests/array/array_merge_basic.phpt]
TEST 246/841 [ext/standard/tests/array/array_merge_recursive_basic1.phpt][1;32mPASS[0m Test array_merge_recursive() function : basic functionality - array with default keys [ext/standard/tests/array/array_merge_recursive_basic1.phpt]
TEST 247/841 [ext/standard/tests/array/array_merge_recursive_basic2.phpt][1;32mPASS[0m Test array_merge_recursive() function : basic functionality - associative arrays [ext/standard/tests/array/array_merge_recursive_basic2.phpt]
TEST 248/841 [ext/standard/tests/array/array_merge_recursive_variation1.phpt][1;32mPASS[0m Test array_merge_recursive() function : usage variations - unexpected values for $arr1 argument [ext/standard/tests/array/array_merge_recursive_variation1.phpt]
TEST 249/841 [ext/standard/tests/array/array_merge_recursive_variation10.phpt][1;32mPASS[0m Test array_merge_recursive() function : usage variations - two dimensional arrays [ext/standard/tests/array/array_merge_recursive_variation10.phpt]
TEST 250/841 [ext/standard/tests/array/array_merge_recursive_variation2.phpt][1;32mPASS[0m Test array_merge_recursive() function : usage variations - unexpected values for $arr2 argument [ext/standard/tests/array/array_merge_recursive_variation2.phpt]
TEST 251/841 [ext/standard/tests/array/array_merge_recursive_variation3.phpt][1;32mPASS[0m Test array_merge_recursive() function : usage variations - different arrays for 'arr1' argument [ext/standard/tests/array/array_merge_recursive_variation3.phpt]
TEST 252/841 [ext/standard/tests/array/array_merge_recursive_variation4.phpt][1;32mPASS[0m Test array_merge_recursive() function : usage variations - associative array with different keys [ext/standard/tests/array/array_merge_recursive_variation4.phpt]
TEST 253/841 [ext/standard/tests/array/array_merge_recursive_variation5.phpt][1;32mPASS[0m Test array_merge_recursive() function : usage variations - associative array with different values [ext/standard/tests/array/array_merge_recursive_variation5.phpt]
TEST 254/841 [ext/standard/tests/array/array_merge_recursive_variation6.phpt][1;32mPASS[0m Test array_merge_recursive() function : usage variations - array with duplicate keys [ext/standard/tests/array/array_merge_recursive_variation6.phpt]
TEST 255/841 [ext/standard/tests/array/array_merge_recursive_variation7.phpt][1;32mPASS[0m Test array_merge_recursive() function : usage variations - array with reference variables [ext/standard/tests/array/array_merge_recursive_variation7.phpt]
TEST 256/841 [ext/standard/tests/array/array_merge_recursive_variation8.phpt][1;32mPASS[0m Test array_merge_recursive() function : usage variations - binary safe checking [ext/standard/tests/array/array_merge_recursive_variation8.phpt]
TEST 257/841 [ext/standard/tests/array/array_merge_recursive_variation9.phpt][1;32mPASS[0m Test array_merge_recursive() function : usage variations - common key and value(Bug#43559) [ext/standard/tests/array/array_merge_recursive_variation9.phpt]
TEST 258/841 [ext/standard/tests/array/array_merge_replace_recursive_refs.phpt][1;32mPASS[0m array_merge/replace_recursive() should unwrap references with rc=1 [ext/standard/tests/array/array_merge_replace_recursive_refs.phpt]
TEST 259/841 [ext/standard/tests/array/array_merge_variation1.phpt][1;32mPASS[0m Test array_merge() function : usage variations - Pass different data types to $arr1 arg [ext/standard/tests/array/array_merge_variation1.phpt]
TEST 260/841 [ext/standard/tests/array/array_merge_variation10.phpt][1;32mPASS[0m Test array_merge() function : usage variations - position of internal array pointer [ext/standard/tests/array/array_merge_variation10.phpt]
TEST 261/841 [ext/standard/tests/array/array_merge_variation2.phpt][1;32mPASS[0m Test array_merge() function : usage variations - Pass different data types as $arr2 arg [ext/standard/tests/array/array_merge_variation2.phpt]
TEST 262/841 [ext/standard/tests/array/array_merge_variation3.phpt][1;32mPASS[0m Test array_merge() function : usage variations - arrays of diff. data types [ext/standard/tests/array/array_merge_variation3.phpt]
TEST 263/841 [ext/standard/tests/array/array_merge_variation4.phpt][1;32mPASS[0m Test array_merge() function : usage variations - Diff. data types as array keys [ext/standard/tests/array/array_merge_variation4.phpt]
TEST 264/841 [ext/standard/tests/array/array_merge_variation5.phpt][1;32mPASS[0m Test array_merge() function : usage variations - numeric keys [ext/standard/tests/array/array_merge_variation5.phpt]
TEST 265/841 [ext/standard/tests/array/array_merge_variation6.phpt][1;32mPASS[0m Test array_merge() function : usage variations - string keys [ext/standard/tests/array/array_merge_variation6.phpt]
TEST 266/841 [ext/standard/tests/array/array_merge_variation7.phpt][1;32mPASS[0m Test array_merge() function : usage variations - Mixed keys [ext/standard/tests/array/array_merge_variation7.phpt]
TEST 267/841 [ext/standard/tests/array/array_merge_variation8.phpt][1;32mPASS[0m Test array_merge() function : usage variations - multi-dimensional arrays [ext/standard/tests/array/array_merge_variation8.phpt]
TEST 268/841 [ext/standard/tests/array/array_merge_variation9.phpt][1;32mPASS[0m Test array_merge() function : usage variations - referenced variables [ext/standard/tests/array/array_merge_variation9.phpt]
TEST 269/841 [ext/standard/tests/array/array_next_error1.phpt][1;32mPASS[0m next - ensure warning is received when passing an indirect temporary. [ext/standard/tests/array/array_next_error1.phpt]
TEST 270/841 [ext/standard/tests/array/array_next_error2.phpt][1;32mPASS[0m next - ensure we cannot pass a temporary [ext/standard/tests/array/array_next_error2.phpt]
TEST 271/841 [ext/standard/tests/array/array_pad.phpt][1;32mPASS[0m array_pad() tests [ext/standard/tests/array/array_pad.phpt]
TEST 272/841 [ext/standard/tests/array/array_pad_too_large_padding.phpt][1;32mPASS[0m array_pad() with too large padding should fail [ext/standard/tests/array/array_pad_too_large_padding.phpt]
TEST 273/841 [ext/standard/tests/array/array_pad_variation3.phpt][1;32mPASS[0m Test array_pad() function : usage variations - possible values for 'pad_value' argument [ext/standard/tests/array/array_pad_variation3.phpt]
TEST 274/841 [ext/standard/tests/array/array_pad_variation4.phpt][1;32mPASS[0m Test array_pad() function : usage variations - binary safe checking [ext/standard/tests/array/array_pad_variation4.phpt]
TEST 275/841 [ext/standard/tests/array/array_pad_variation5.phpt][1;32mPASS[0m Test array_pad() function : usage variations - two dimensional array for 'pad_value' argument [ext/standard/tests/array/array_pad_variation5.phpt]
TEST 276/841 [ext/standard/tests/array/array_pad_variation6.phpt][1;32mPASS[0m Test array_pad() function : usage variations - different arrays for 'input' argument [ext/standard/tests/array/array_pad_variation6.phpt]
TEST 277/841 [ext/standard/tests/array/array_pad_variation7.phpt][1;32mPASS[0m Test array_pad() function : usage variations - two dimensional array for 'input' argument [ext/standard/tests/array/array_pad_variation7.phpt]
TEST 278/841 [ext/standard/tests/array/array_pop.phpt][1;32mPASS[0m Test array_pop() function [ext/standard/tests/array/array_pop.phpt]
TEST 279/841 [ext/standard/tests/array/array_pop_variation.phpt][1;32mPASS[0m Test array_pop() function (variation) [ext/standard/tests/array/array_pop_variation.phpt]
TEST 280/841 [ext/standard/tests/array/array_product_empty_array.phpt][1;32mPASS[0m Test array_product() function with empty array [ext/standard/tests/array/array_product_empty_array.phpt]
TEST 281/841 [ext/standard/tests/array/array_product_objects_operation_no_cast.phpt][1;33mSKIP[0m Test array_product() function with objects that implement addition but not castable to numeric type [ext/standard/tests/array/array_product_objects_operation_no_cast.phpt] reason: Required extension missing: zend_test
TEST 282/841 [ext/standard/tests/array/array_product_variation1.phpt][1;32mPASS[0m Test array_product() function : variation [ext/standard/tests/array/array_product_variation1.phpt]
TEST 283/841 [ext/standard/tests/array/array_product_variation2.phpt][1;32mPASS[0m Test array_product() function : variation [ext/standard/tests/array/array_product_variation2.phpt]
TEST 284/841 [ext/standard/tests/array/array_product_variation3.phpt][1;32mPASS[0m Test array_product() function : variation [ext/standard/tests/array/array_product_variation3.phpt]
TEST 285/841 [ext/standard/tests/array/array_product_variation4.phpt][1;32mPASS[0m Test array_product() function : variation [ext/standard/tests/array/array_product_variation4.phpt]
TEST 286/841 [ext/standard/tests/array/array_product_variation5.phpt][1;32mPASS[0m Test array_product() function: resources in array [ext/standard/tests/array/array_product_variation5.phpt]
TEST 287/841 [ext/standard/tests/array/array_product_variation6.phpt][1;33mSKIP[0m Test array_product() function with objects castable to numeric type [ext/standard/tests/array/array_product_variation6.phpt] reason: Required extension missing: gmp
TEST 288/841 [ext/standard/tests/array/array_push.phpt][1;32mPASS[0m Test array_push() function [ext/standard/tests/array/array_push.phpt]
TEST 289/841 [ext/standard/tests/array/array_push_basic.phpt][1;32mPASS[0m Test array_push() function : basic functionality [ext/standard/tests/array/array_push_basic.phpt]
TEST 290/841 [ext/standard/tests/array/array_push_empty.phpt][1;32mPASS[0m Test array_push() function : push empty set to the array [ext/standard/tests/array/array_push_empty.phpt]
TEST 291/841 [ext/standard/tests/array/array_push_error2.phpt][1;32mPASS[0m Test array_push() function : error conditions - max int value as key [ext/standard/tests/array/array_push_error2.phpt]
TEST 292/841 [ext/standard/tests/array/array_push_variation2.phpt][1;32mPASS[0m Test array_push() function : usage variations - Pass different data types as $var arg [ext/standard/tests/array/array_push_variation2.phpt]
TEST 293/841 [ext/standard/tests/array/array_push_variation3.phpt][1;32mPASS[0m Test array_push() function : usage variations - multidimensional arrays [ext/standard/tests/array/array_push_variation3.phpt]
TEST 294/841 [ext/standard/tests/array/array_push_variation5.phpt][1;32mPASS[0m Test array_push() function : usage variations - position of internal array pointer [ext/standard/tests/array/array_push_variation5.phpt]
TEST 295/841 [ext/standard/tests/array/array_push_variation6.phpt][1;32mPASS[0m Test array_push() function : usage variations - array keys are different data types [ext/standard/tests/array/array_push_variation6.phpt]
TEST 296/841 [ext/standard/tests/array/array_rand.phpt][1;32mPASS[0m array_rand() tests [ext/standard/tests/array/array_rand.phpt]
TEST 297/841 [ext/standard/tests/array/array_rand_basic1.phpt][1;32mPASS[0m Test array_rand() function : basic functionality - array with default keys [ext/standard/tests/array/array_rand_basic1.phpt]
TEST 298/841 [ext/standard/tests/array/array_rand_basic2.phpt][1;32mPASS[0m Test array_rand() function : basic functionality - with associative array for 'input' argument [ext/standard/tests/array/array_rand_basic2.phpt]
TEST 299/841 [ext/standard/tests/array/array_rand_variation3.phpt][1;32mPASS[0m Test array_rand() function : usage variation - with MultiDimensional array [ext/standard/tests/array/array_rand_variation3.phpt]
TEST 300/841 [ext/standard/tests/array/array_rand_variation4.phpt][1;32mPASS[0m Test array_rand() function : usage variation - with associative arrays for 'input' parameter [ext/standard/tests/array/array_rand_variation4.phpt]
TEST 301/841 [ext/standard/tests/array/array_rand_variation5.phpt][1;32mPASS[0m Test array_rand() function : usage variation - invalid values for 'req_num' parameter [ext/standard/tests/array/array_rand_variation5.phpt]
TEST 302/841 [ext/standard/tests/array/array_rand_variation6.phpt][1;32mPASS[0m Test array_rand() function : usage variation - with heredoc string as key in the 'input' array [ext/standard/tests/array/array_rand_variation6.phpt]
TEST 303/841 [ext/standard/tests/array/array_reduce.phpt][1;32mPASS[0m Test array_reduce() function [ext/standard/tests/array/array_reduce.phpt]
TEST 304/841 [ext/standard/tests/array/array_reduce_return_by_ref.phpt][1;32mPASS[0m Return by reference from array_reduce() callback [ext/standard/tests/array/array_reduce_return_by_ref.phpt]
TEST 305/841 [ext/standard/tests/array/array_reduce_variation1.phpt][1;32mPASS[0m Test array_reduce() function : variation [ext/standard/tests/array/array_reduce_variation1.phpt]
TEST 306/841 [ext/standard/tests/array/array_reduce_variation3.phpt][1;32mPASS[0m Test array_reduce() function : variation - object callbacks [ext/standard/tests/array/array_reduce_variation3.phpt]
TEST 307/841 [ext/standard/tests/array/array_replace.phpt][1;32mPASS[0m Test array_replace and array_replace_recursive [ext/standard/tests/array/array_replace.phpt]
TEST 308/841 [ext/standard/tests/array/array_replace_merge_recursive_ref.phpt][1;32mPASS[0m Test array_(replace|merge)_recursive with references [ext/standard/tests/array/array_replace_merge_recursive_ref.phpt]
TEST 309/841 [ext/standard/tests/array/array_reverse_basic1.phpt][1;32mPASS[0m Test array_reverse() function : basic functionality - simple array for 'array' argument [ext/standard/tests/array/array_reverse_basic1.phpt]
TEST 310/841 [ext/standard/tests/array/array_reverse_basic2.phpt][1;32mPASS[0m Test array_reverse() function : basic functionality - associative array for 'array' argument [ext/standard/tests/array/array_reverse_basic2.phpt]
TEST 311/841 [ext/standard/tests/array/array_reverse_variation3.phpt][1;32mPASS[0m Test array_reverse() function : usage variations - different array values for 'array' argument [ext/standard/tests/array/array_reverse_variation3.phpt]
TEST 312/841 [ext/standard/tests/array/array_reverse_variation4.phpt][1;32mPASS[0m Test array_reverse() function : usage variations - assoc. array with diff. keys for 'array' argument [ext/standard/tests/array/array_reverse_variation4.phpt]
TEST 313/841 [ext/standard/tests/array/array_reverse_variation5.phpt][1;32mPASS[0m Test array_reverse() function : usage variations - assoc. array with diff. value for 'array' argument [ext/standard/tests/array/array_reverse_variation5.phpt]
TEST 314/841 [ext/standard/tests/array/array_reverse_variation6.phpt][1;32mPASS[0m Test array_reverse() function : usage variations - two dimensional arrays for 'array' argument [ext/standard/tests/array/array_reverse_variation6.phpt]
TEST 315/841 [ext/standard/tests/array/array_search.phpt][1;32mPASS[0m Test array_search()/in_array() [ext/standard/tests/array/array_search.phpt]
TEST 316/841 [ext/standard/tests/array/array_search1.phpt][1;32mPASS[0m array_search() tests [ext/standard/tests/array/array_search1.phpt]
TEST 317/841 [ext/standard/tests/array/array_search_variation1.phpt][1;32mPASS[0m Test array_search() function : usage variations - different needle values [ext/standard/tests/array/array_search_variation1.phpt]
TEST 318/841 [ext/standard/tests/array/array_search_variation2.phpt][1;32mPASS[0m Test array_search() function : usage variations - different haystack values [ext/standard/tests/array/array_search_variation2.phpt]
TEST 319/841 [ext/standard/tests/array/array_search_variation3.phpt][1;32mPASS[0m Test array_search() function : usage variations - haystack as sub-array/object [ext/standard/tests/array/array_search_variation3.phpt]
TEST 320/841 [ext/standard/tests/array/array_search_variation4.phpt][1;32mPASS[0m Test array_search() function : usage variations - haystack as resource/multi dimensional array [ext/standard/tests/array/array_search_variation4.phpt]
TEST 321/841 [ext/standard/tests/array/array_shift_basic.phpt][1;32mPASS[0m Test array_shift() function : basic functionality [ext/standard/tests/array/array_shift_basic.phpt]
TEST 322/841 [ext/standard/tests/array/array_shift_variation2.phpt][1;32mPASS[0m Test array_shift() function : usage variations - Pass arrays of different data types [ext/standard/tests/array/array_shift_variation2.phpt]
TEST 323/841 [ext/standard/tests/array/array_shift_variation3.phpt][1;32mPASS[0m Test array_shift() function : usage variations - Pass array with different data types as keys [ext/standard/tests/array/array_shift_variation3.phpt]
TEST 324/841 [ext/standard/tests/array/array_shift_variation4.phpt][1;32mPASS[0m Test array_shift() function : usage variations - multi-dimensional arrays [ext/standard/tests/array/array_shift_variation4.phpt]
TEST 325/841 [ext/standard/tests/array/array_shift_variation5.phpt][1;32mPASS[0m Test array_shift() function : usage variations - call recursively [ext/standard/tests/array/array_shift_variation5.phpt]
TEST 326/841 [ext/standard/tests/array/array_shift_variation6.phpt][1;32mPASS[0m Test array_shift() function : usage variations - Referenced arrays [ext/standard/tests/array/array_shift_variation6.phpt]
TEST 327/841 [ext/standard/tests/array/array_shift_variation7.phpt][1;32mPASS[0m Test array_shift() function : usage variations - position of internal pointer [ext/standard/tests/array/array_shift_variation7.phpt]
TEST 328/841 [ext/standard/tests/array/array_shift_variation8.phpt][1;32mPASS[0m Test array_shift() function : usage variations - maintaining referenced elements [ext/standard/tests/array/array_shift_variation8.phpt]
TEST 329/841 [ext/standard/tests/array/array_slice.phpt][1;32mPASS[0m Testing array_slice() function [ext/standard/tests/array/array_slice.phpt]
TEST 330/841 [ext/standard/tests/array/array_slice_basic.phpt][1;32mPASS[0m Test array_slice() function : basic functionality [ext/standard/tests/array/array_slice_basic.phpt]
TEST 331/841 [ext/standard/tests/array/array_slice_variation1.phpt][1;32mPASS[0m Test array_slice() - Third parameter (NULL vs 0) [ext/standard/tests/array/array_slice_variation1.phpt]
TEST 332/841 [ext/standard/tests/array/array_slice_variation10.phpt][1;32mPASS[0m Test array_slice() function : usage variations - position of internal array pointer [ext/standard/tests/array/array_slice_variation10.phpt]
TEST 333/841 [ext/standard/tests/array/array_slice_variation11.phpt][1;32mPASS[0m Test array_slice() function : usage variations - array has holes in buckets [ext/standard/tests/array/array_slice_variation11.phpt]
TEST 334/841 [ext/standard/tests/array/array_slice_variation5.phpt][1;32mPASS[0m Test array_slice() function : usage variations - Pass different integers as $offset argument [ext/standard/tests/array/array_slice_variation5.phpt]
TEST 335/841 [ext/standard/tests/array/array_slice_variation6.phpt][1;32mPASS[0m Test array_slice() function : usage variations - pass different int values as $length arg [ext/standard/tests/array/array_slice_variation6.phpt]
TEST 336/841 [ext/standard/tests/array/array_slice_variation7.phpt][1;32mPASS[0m Test array_slice() function : usage variations - different data types as keys in an array [ext/standard/tests/array/array_slice_variation7.phpt]
TEST 337/841 [ext/standard/tests/array/array_slice_variation8.phpt][1;32mPASS[0m Test array_slice() function : usage variations - multidimensional arrays [ext/standard/tests/array/array_slice_variation8.phpt]
TEST 338/841 [ext/standard/tests/array/array_slice_variation9.phpt][1;32mPASS[0m Test array_slice() function : usage variations - referenced variables [ext/standard/tests/array/array_slice_variation9.phpt]
TEST 339/841 [ext/standard/tests/array/array_splice_basic.phpt][1;32mPASS[0m Test array_splice(): basic functionality [ext/standard/tests/array/array_splice_basic.phpt]
TEST 340/841 [ext/standard/tests/array/array_splice_variation1.phpt][1;32mPASS[0m Test array_splice() function : usage variations - references [ext/standard/tests/array/array_splice_variation1.phpt]
TEST 341/841 [ext/standard/tests/array/array_splice_variation3.phpt][1;32mPASS[0m Test array_splice() function : usage variations - lengths and offsets [ext/standard/tests/array/array_splice_variation3.phpt]
TEST 342/841 [ext/standard/tests/array/array_splice_variation4.phpt][1;32mPASS[0m Test array_splice() function : usage variations - non array replacement values [ext/standard/tests/array/array_splice_variation4.phpt]
TEST 343/841 [ext/standard/tests/array/array_sum.phpt][1;32mPASS[0m Test array_sum() [ext/standard/tests/array/array_sum.phpt]
TEST 344/841 [ext/standard/tests/array/array_sum_basic.phpt][1;32mPASS[0m Test array_sum() function : basic functionality [ext/standard/tests/array/array_sum_basic.phpt]
TEST 345/841 [ext/standard/tests/array/array_sum_empty_array.phpt][1;32mPASS[0m Test array_sum() function with empty array [ext/standard/tests/array/array_sum_empty_array.phpt]
TEST 346/841 [ext/standard/tests/array/array_sum_objects_operation_no_cast.phpt][1;33mSKIP[0m Test array_sum() function with objects that implement addition but not castable to numeric type [ext/standard/tests/array/array_sum_objects_operation_no_cast.phpt] reason: Required extension missing: zend_test
TEST 347/841 [ext/standard/tests/array/array_sum_objects_operation_no_cast_FFI.phpt][1;33mSKIP[0m Test array_sum() function with objects that implement addition but not castable to numeric type [ext/standard/tests/array/array_sum_objects_operation_no_cast_FFI.phpt] reason: Required extension missing: ffi
TEST 348/841 [ext/standard/tests/array/array_sum_on_reference.phpt][1;32mPASS[0m array_sum() on array with references [ext/standard/tests/array/array_sum_on_reference.phpt]
TEST 349/841 [ext/standard/tests/array/array_sum_variation2.phpt][1;32mPASS[0m Test array_sum() function : usage variations - array with different integer value [ext/standard/tests/array/array_sum_variation2.phpt]
TEST 350/841 [ext/standard/tests/array/array_sum_variation3.phpt][1;32mPASS[0m Test array_sum() function : usage variations - array with different float values [ext/standard/tests/array/array_sum_variation3.phpt]
TEST 351/841 [ext/standard/tests/array/array_sum_variation4.phpt][1;32mPASS[0m Test array_sum() function : usage variations - array with duplicate values [ext/standard/tests/array/array_sum_variation4.phpt]
TEST 352/841 [ext/standard/tests/array/array_sum_variation5.phpt][1;32mPASS[0m Test array_sum() function : usage variations - array with reference variables as elements [ext/standard/tests/array/array_sum_variation5.phpt]
TEST 353/841 [ext/standard/tests/array/array_sum_variation6.phpt][1;32mPASS[0m Test array_sum() function : usage variations - associative array [ext/standard/tests/array/array_sum_variation6.phpt]
TEST 354/841 [ext/standard/tests/array/array_sum_variation7.phpt][1;32mPASS[0m Test array_sum() function : usage variations - 'input' array with unexpected values as array element [ext/standard/tests/array/array_sum_variation7.phpt]
TEST 355/841 [ext/standard/tests/array/array_sum_variation8.phpt][1;32mPASS[0m Test array_sum() function: resources in array [ext/standard/tests/array/array_sum_variation8.phpt]
TEST 356/841 [ext/standard/tests/array/array_sum_variation9.phpt][1;33mSKIP[0m Test array_sum() function with objects castable to numeric type [ext/standard/tests/array/array_sum_variation9.phpt] reason: Required extension missing: gmp
TEST 357/841 [ext/standard/tests/array/array_udiff_assoc_basic.phpt][1;32mPASS[0m array_udiff_assoc(): Test return type and value for expected input [ext/standard/tests/array/array_udiff_assoc_basic.phpt]
TEST 358/841 [ext/standard/tests/array/array_udiff_assoc_variation.phpt][1;32mPASS[0m Test array_udiff_assoc() function : variation [ext/standard/tests/array/array_udiff_assoc_variation.phpt]
TEST 359/841 [ext/standard/tests/array/array_udiff_assoc_variation1.phpt][1;32mPASS[0m Test array_udiff_assoc() function : usage variation [ext/standard/tests/array/array_udiff_assoc_variation1.phpt]
TEST 360/841 [ext/standard/tests/array/array_udiff_assoc_variation2.phpt][1;32mPASS[0m Test array_udiff_assoc() function : usage variation [ext/standard/tests/array/array_udiff_assoc_variation2.phpt]
TEST 361/841 [ext/standard/tests/array/array_udiff_assoc_variation5.phpt][1;32mPASS[0m Test array_udiff_assoc() function : usage variation - incorrect comparison functions [ext/standard/tests/array/array_udiff_assoc_variation5.phpt]
TEST 362/841 [ext/standard/tests/array/array_udiff_basic.phpt][1;32mPASS[0m array_udiff():Test return type and value for expected input [ext/standard/tests/array/array_udiff_basic.phpt]
TEST 363/841 [ext/standard/tests/array/array_udiff_uassoc_basic.phpt][1;32mPASS[0m array_udiff_uassoc(): Test return type and value for expected input [ext/standard/tests/array/array_udiff_uassoc_basic.phpt]
TEST 364/841 [ext/standard/tests/array/array_udiff_uassoc_variation1.phpt][1;32mPASS[0m Test array_udiff_uassoc() function : usage variation [ext/standard/tests/array/array_udiff_uassoc_variation1.phpt]
TEST 365/841 [ext/standard/tests/array/array_udiff_uassoc_variation2.phpt][1;32mPASS[0m Test array_udiff_uassoc() function : usage variation [ext/standard/tests/array/array_udiff_uassoc_variation2.phpt]
TEST 366/841 [ext/standard/tests/array/array_udiff_uassoc_variation6.phpt][1;32mPASS[0m Test array_udiff_uassoc() function : usage variation [ext/standard/tests/array/array_udiff_uassoc_variation6.phpt]
TEST 367/841 [ext/standard/tests/array/array_udiff_variation1.phpt][1;32mPASS[0m Test array_udiff() function : usage variation [ext/standard/tests/array/array_udiff_variation1.phpt]
TEST 368/841 [ext/standard/tests/array/array_udiff_variation2.phpt][1;32mPASS[0m Test array_udiff() function : usage variation [ext/standard/tests/array/array_udiff_variation2.phpt]
TEST 369/841 [ext/standard/tests/array/array_udiff_variation5.phpt][1;32mPASS[0m Test array_udiff() function : usage variation [ext/standard/tests/array/array_udiff_variation5.phpt]
TEST 370/841 [ext/standard/tests/array/array_uintersect_assoc_basic.phpt][1;32mPASS[0m array_uintersect_assoc(): Test return type and value for expected input [ext/standard/tests/array/array_uintersect_assoc_basic.phpt]
TEST 371/841 [ext/standard/tests/array/array_uintersect_assoc_basic2.phpt][1;32mPASS[0m Test array_uintersect_assoc() function : basic functionality - testing with multiple array arguments [ext/standard/tests/array/array_uintersect_assoc_basic2.phpt]
TEST 372/841 [ext/standard/tests/array/array_uintersect_assoc_variation1.phpt][1;32mPASS[0m Test array_uintersect_assoc() function : usage variation [ext/standard/tests/array/array_uintersect_assoc_variation1.phpt]
TEST 373/841 [ext/standard/tests/array/array_uintersect_assoc_variation2.phpt][1;32mPASS[0m Test array_uintersect_assoc() function : usage variation [ext/standard/tests/array/array_uintersect_assoc_variation2.phpt]
TEST 374/841 [ext/standard/tests/array/array_uintersect_assoc_variation5.phpt][1;32mPASS[0m Test array_uintersect_assoc() function : usage variation - differing comparison functions [ext/standard/tests/array/array_uintersect_assoc_variation5.phpt]
TEST 375/841 [ext/standard/tests/array/array_uintersect_basic.phpt][1;32mPASS[0m array_uintersect(): Test return type and value for expected input [ext/standard/tests/array/array_uintersect_basic.phpt]
TEST 376/841 [ext/standard/tests/array/array_uintersect_uassoc_basic.phpt][1;32mPASS[0m array_uintersect_uassoc(): Test return type and value for expected input [ext/standard/tests/array/array_uintersect_uassoc_basic.phpt]
TEST 377/841 [ext/standard/tests/array/array_uintersect_uassoc_variation1.phpt][1;32mPASS[0m Test array_uintersect_uassoc() function : usage variation [ext/standard/tests/array/array_uintersect_uassoc_variation1.phpt]
TEST 378/841 [ext/standard/tests/array/array_uintersect_uassoc_variation2.phpt][1;32mPASS[0m Test array_uintersect_uassoc() function : usage variation [ext/standard/tests/array/array_uintersect_uassoc_variation2.phpt]
TEST 379/841 [ext/standard/tests/array/array_uintersect_uassoc_variation6.phpt][1;32mPASS[0m Test array_uintersect_uassoc() function : usage variation - incorrect callbacks [ext/standard/tests/array/array_uintersect_uassoc_variation6.phpt]
TEST 380/841 [ext/standard/tests/array/array_uintersect_variation1.phpt][1;32mPASS[0m Test array_uintersect() function : usage variation [ext/standard/tests/array/array_uintersect_variation1.phpt]
TEST 381/841 [ext/standard/tests/array/array_uintersect_variation2.phpt][1;32mPASS[0m Test array_uintersect() function : usage variation [ext/standard/tests/array/array_uintersect_variation2.phpt]
TEST 382/841 [ext/standard/tests/array/array_uintersect_variation5.phpt][1;32mPASS[0m Test array_uintersect() function : usage variation - differing comparison functions [ext/standard/tests/array/array_uintersect_variation5.phpt]
TEST 383/841 [ext/standard/tests/array/array_unique_basic.phpt][1;32mPASS[0m Test array_unique() function : basic functionality [ext/standard/tests/array/array_unique_basic.phpt]
TEST 384/841 [ext/standard/tests/array/array_unique_variation2.phpt][1;32mPASS[0m Test array_unique() function : usage variations - different arrays for 'input' argument [ext/standard/tests/array/array_unique_variation2.phpt]
TEST 385/841 [ext/standard/tests/array/array_unique_variation3.phpt][1;32mPASS[0m Test array_unique() function : usage variations - associative array with different keys [ext/standard/tests/array/array_unique_variation3.phpt]
TEST 386/841 [ext/standard/tests/array/array_unique_variation4.phpt][1;32mPASS[0m Test array_unique() function : usage variations - associative array with different values [ext/standard/tests/array/array_unique_variation4.phpt]
TEST 387/841 [ext/standard/tests/array/array_unique_variation5.phpt][1;32mPASS[0m Test array_unique() function : usage variations - array with duplicate keys [ext/standard/tests/array/array_unique_variation5.phpt]
TEST 388/841 [ext/standard/tests/array/array_unique_variation6.phpt][1;32mPASS[0m Test array_unique() function : usage variations - array with reference variables [ext/standard/tests/array/array_unique_variation6.phpt]
TEST 389/841 [ext/standard/tests/array/array_unique_variation7.phpt][1;32mPASS[0m Test array_unique() function : usage variations - binary safe checking [ext/standard/tests/array/array_unique_variation7.phpt]
TEST 390/841 [ext/standard/tests/array/array_unique_variation8.phpt][1;32mPASS[0m Test array_unique() function : usage variations - two dimensional arrays [ext/standard/tests/array/array_unique_variation8.phpt]
TEST 391/841 [ext/standard/tests/array/array_unique_variation9.phpt][1;32mPASS[0m Test array_unique() function : usage variations - more than 16 elements [ext/standard/tests/array/array_unique_variation9.phpt]
TEST 392/841 [ext/standard/tests/array/array_unshift.phpt][1;32mPASS[0m array_unshift() tests [ext/standard/tests/array/array_unshift.phpt]
TEST 393/841 [ext/standard/tests/array/array_unshift_basic1.phpt][1;32mPASS[0m Test array_unshift() function : basic functionality - array with default keys for 'array' argument [ext/standard/tests/array/array_unshift_basic1.phpt]
TEST 394/841 [ext/standard/tests/array/array_unshift_basic2.phpt][1;32mPASS[0m Test array_unshift() function : basic functionality - associative arrays for 'array' argument [ext/standard/tests/array/array_unshift_basic2.phpt]
TEST 395/841 [ext/standard/tests/array/array_unshift_empty.phpt][1;32mPASS[0m Test array_unshift() function : prepend array with empty set [ext/standard/tests/array/array_unshift_empty.phpt]
TEST 396/841 [ext/standard/tests/array/array_unshift_object.phpt][1;32mPASS[0m Test array_unshift() function : passing object for 'var' argument [ext/standard/tests/array/array_unshift_object.phpt]
TEST 397/841 [ext/standard/tests/array/array_unshift_variation2.phpt][1;32mPASS[0m Test array_unshift() function : usage variations - all possible values for 'var' argument [ext/standard/tests/array/array_unshift_variation2.phpt]
TEST 398/841 [ext/standard/tests/array/array_unshift_variation3.phpt][1;32mPASS[0m Test array_unshift() function : usage variations - different array values for 'array' argument [ext/standard/tests/array/array_unshift_variation3.phpt]
TEST 399/841 [ext/standard/tests/array/array_unshift_variation4.phpt][1;32mPASS[0m Test array_unshift() function : usage variations - assoc. array with diff. keys for 'array' argument [ext/standard/tests/array/array_unshift_variation4.phpt]
TEST 400/841 [ext/standard/tests/array/array_unshift_variation5.phpt][1;32mPASS[0m Test array_unshift() function : usage variations - assoc. array with diff values for 'array' argument [ext/standard/tests/array/array_unshift_variation5.phpt]
TEST 401/841 [ext/standard/tests/array/array_unshift_variation6.phpt][1;32mPASS[0m Test array_unshift() function : usage variations - two dimensional arrays for 'array' argument [ext/standard/tests/array/array_unshift_variation6.phpt]
TEST 402/841 [ext/standard/tests/array/array_unshift_variation7.phpt][1;32mPASS[0m Test array_unshift() function : usage variations - double quoted strings for 'var' argument [ext/standard/tests/array/array_unshift_variation7.phpt]
TEST 403/841 [ext/standard/tests/array/array_unshift_variation8.phpt][1;32mPASS[0m Test array_unshift() function : usage variations - single quoted strings for 'var' argument [ext/standard/tests/array/array_unshift_variation8.phpt]
TEST 404/841 [ext/standard/tests/array/array_unshift_variation9.phpt][1;32mPASS[0m Test array_unshift() function : usage variations - heredoc strings for 'var' argument [ext/standard/tests/array/array_unshift_variation9.phpt]
TEST 405/841 [ext/standard/tests/array/array_user_key_compare.phpt][1;32mPASS[0m Fix UMR in array_user_key_compare (MOPB24) [ext/standard/tests/array/array_user_key_compare.phpt]
TEST 406/841 [ext/standard/tests/array/array_values.phpt][1;32mPASS[0m Test array_values() function [ext/standard/tests/array/array_values.phpt]
TEST 407/841 [ext/standard/tests/array/array_values_basic.phpt][1;32mPASS[0m Test array_values() function : basic functionality [ext/standard/tests/array/array_values_basic.phpt]
TEST 408/841 [ext/standard/tests/array/array_values_variation.phpt][1;33mSKIP[0m Test array_values() function (variation) [ext/standard/tests/array/array_values_variation.phpt] reason: this test is for 32bit platform only
TEST 409/841 [ext/standard/tests/array/array_values_variation2.phpt][1;32mPASS[0m Test array_values() function : usage variations - arrays of different data types [ext/standard/tests/array/array_values_variation2.phpt]
TEST 410/841 [ext/standard/tests/array/array_values_variation3.phpt][1;32mPASS[0m Test array_values() function : usage variations - array keys different data types [ext/standard/tests/array/array_values_variation3.phpt]
TEST 411/841 [ext/standard/tests/array/array_values_variation4.phpt][1;32mPASS[0m Test array_values() function : usage variations - multi-dimensional arrays [ext/standard/tests/array/array_values_variation4.phpt]
TEST 412/841 [ext/standard/tests/array/array_values_variation5.phpt][1;32mPASS[0m Test array_values() function : usage variations - internal array pointer [ext/standard/tests/array/array_values_variation5.phpt]
TEST 413/841 [ext/standard/tests/array/array_values_variation6.phpt][1;32mPASS[0m Test array_values() function : usage variations - Referenced variables [ext/standard/tests/array/array_values_variation6.phpt]
TEST 414/841 [ext/standard/tests/array/array_values_variation7.phpt][1;32mPASS[0m Test array_values() function : usage variations - Internal order check [ext/standard/tests/array/array_values_variation7.phpt]
TEST 415/841 [ext/standard/tests/array/array_values_variation_64bit.phpt][1;32mPASS[0m Test array_values() function [ext/standard/tests/array/array_values_variation_64bit.phpt]
TEST 416/841 [ext/standard/tests/array/array_walk/array_walk.phpt][1;32mPASS[0m array_walk() tests [ext/standard/tests/array/array_walk/array_walk.phpt]
TEST 417/841 [ext/standard/tests/array/array_walk/array_walk_basic1.phpt][1;32mPASS[0m Test array_walk() function : basic functionality - regular array [ext/standard/tests/array/array_walk/array_walk_basic1.phpt]
TEST 418/841 [ext/standard/tests/array/array_walk/array_walk_basic2.phpt][1;32mPASS[0m Test array_walk() function : basic functionality - associative array [ext/standard/tests/array/array_walk/array_walk_basic2.phpt]
TEST 419/841 [ext/standard/tests/array/array_walk/array_walk_closure.phpt][1;32mPASS[0m array_walk() closure tests [ext/standard/tests/array/array_walk/array_walk_closure.phpt]
TEST 420/841 [ext/standard/tests/array/array_walk/array_walk_error2.phpt][1;32mPASS[0m Test array_walk() function : error conditions - callback parameters [ext/standard/tests/array/array_walk/array_walk_error2.phpt]
TEST 421/841 [ext/standard/tests/array/array_walk/array_walk_object1.phpt][1;32mPASS[0m Test array_walk() function : object functionality [ext/standard/tests/array/array_walk/array_walk_object1.phpt]
TEST 422/841 [ext/standard/tests/array/array_walk/array_walk_object2.phpt][1;32mPASS[0m Test array_walk() function : object functionality - array of objects [ext/standard/tests/array/array_walk/array_walk_object2.phpt]
TEST 423/841 [ext/standard/tests/array/array_walk/array_walk_objects.phpt][1;32mPASS[0m array_walk() and objects [ext/standard/tests/array/array_walk/array_walk_objects.phpt]
TEST 424/841 [ext/standard/tests/array/array_walk/array_walk_rec_objects.phpt][1;32mPASS[0m array_walk_recursive() and objects [ext/standard/tests/array/array_walk/array_walk_rec_objects.phpt]
TEST 425/841 [ext/standard/tests/array/array_walk/array_walk_recursive.phpt][1;32mPASS[0m Test array_walk_recursive() [ext/standard/tests/array/array_walk/array_walk_recursive.phpt]
TEST 426/841 [ext/standard/tests/array/array_walk/array_walk_recursive1.phpt][1;32mPASS[0m array_walk_recursive() tests [ext/standard/tests/array/array_walk/array_walk_recursive1.phpt]
TEST 427/841 [ext/standard/tests/array/array_walk/array_walk_recursive_basic1.phpt][1;32mPASS[0m Test array_walk_recursive() function : basic functionality - regular array [ext/standard/tests/array/array_walk/array_walk_recursive_basic1.phpt]
TEST 428/841 [ext/standard/tests/array/array_walk/array_walk_recursive_basic2.phpt][1;32mPASS[0m Test array_walk_recursive() function : basic functionality - associative array [ext/standard/tests/array/array_walk/array_walk_recursive_basic2.phpt]
TEST 429/841 [ext/standard/tests/array/array_walk/array_walk_recursive_error2.phpt][1;32mPASS[0m Test array_walk_recursive() function : error conditions - callback parameters [ext/standard/tests/array/array_walk/array_walk_recursive_error2.phpt]
TEST 430/841 [ext/standard/tests/array/array_walk/array_walk_recursive_object1.phpt][1;32mPASS[0m Test array_walk_recursive() function : object functionality [ext/standard/tests/array/array_walk/array_walk_recursive_object1.phpt]
TEST 431/841 [ext/standard/tests/array/array_walk/array_walk_recursive_object2.phpt][1;32mPASS[0m Test array_walk_recursive() function : object functionality - array of objects [ext/standard/tests/array/array_walk/array_walk_recursive_object2.phpt]
TEST 432/841 [ext/standard/tests/array/array_walk/array_walk_recursive_variation3.phpt][1;32mPASS[0m Test array_walk_recursive() function : usage variations - 'input' array with different values [ext/standard/tests/array/array_walk/array_walk_recursive_variation3.phpt]
TEST 433/841 [ext/standard/tests/array/array_walk/array_walk_recursive_variation4.phpt][1;32mPASS[0m Test array_walk_recursive() function : usage variations - 'input' array with subarray [ext/standard/tests/array/array_walk/array_walk_recursive_variation4.phpt]
TEST 434/841 [ext/standard/tests/array/array_walk/array_walk_recursive_variation5.phpt][1;32mPASS[0m Test array_walk_recursive() function : usage variations - 'input' argument containing reference variables [ext/standard/tests/array/array_walk/array_walk_recursive_variation5.phpt]
TEST 435/841 [ext/standard/tests/array/array_walk/array_walk_recursive_variation6.phpt][1;32mPASS[0m Test array_walk_recursive() function : usage variations - 'input' argument as diff. associative arrays [ext/standard/tests/array/array_walk/array_walk_recursive_variation6.phpt]
TEST 436/841 [ext/standard/tests/array/array_walk/array_walk_recursive_variation7.phpt][1;32mPASS[0m Test array_walk_recursive() function : usage variations - anonymous callback function [ext/standard/tests/array/array_walk/array_walk_recursive_variation7.phpt]
TEST 437/841 [ext/standard/tests/array/array_walk/array_walk_recursive_variation8.phpt][1;32mPASS[0m Test array_walk_recursive() function : usage variations - buit-in function as callback [ext/standard/tests/array/array_walk/array_walk_recursive_variation8.phpt]
TEST 438/841 [ext/standard/tests/array/array_walk/array_walk_recursive_variation9.phpt][1;32mPASS[0m Test array_walk_recursive() function : usage variations - different callback functions [ext/standard/tests/array/array_walk/array_walk_recursive_variation9.phpt]
TEST 439/841 [ext/standard/tests/array/array_walk/array_walk_variation3.phpt][1;32mPASS[0m Test array_walk() function : usage variations - 'input' array with different values [ext/standard/tests/array/array_walk/array_walk_variation3.phpt]
TEST 440/841 [ext/standard/tests/array/array_walk/array_walk_variation4.phpt][1;32mPASS[0m Test array_walk() function : usage variations - 'input' array with subarray [ext/standard/tests/array/array_walk/array_walk_variation4.phpt]
TEST 441/841 [ext/standard/tests/array/array_walk/array_walk_variation5.phpt][1;32mPASS[0m Test array_walk() function : usage variations - 'input' argument containing reference variables [ext/standard/tests/array/array_walk/array_walk_variation5.phpt]
TEST 442/841 [ext/standard/tests/array/array_walk/array_walk_variation6.phpt][1;32mPASS[0m Test array_walk() function : usage variations - 'input' argument as diff. associative arrays [ext/standard/tests/array/array_walk/array_walk_variation6.phpt]
TEST 443/841 [ext/standard/tests/array/array_walk/array_walk_variation7.phpt][1;32mPASS[0m Test array_walk() function : usage variations - anonymous callback function [ext/standard/tests/array/array_walk/array_walk_variation7.phpt]
TEST 444/841 [ext/standard/tests/array/array_walk/array_walk_variation8.phpt][1;32mPASS[0m Test array_walk() function : usage variations - buit-in function as callback [ext/standard/tests/array/array_walk/array_walk_variation8.phpt]
TEST 445/841 [ext/standard/tests/array/array_walk/array_walk_variation9.phpt][1;32mPASS[0m Test array_walk() function : usage variations - different callback functions [ext/standard/tests/array/array_walk/array_walk_variation9.phpt]
TEST 446/841 [ext/standard/tests/array/array_walk/bug12776.phpt][1;32mPASS[0m Bug #12776 (array_walk crash) [ext/standard/tests/array/array_walk/bug12776.phpt]
TEST 447/841 [ext/standard/tests/array/array_walk/bug30266.phpt][1;32mPASS[0m Bug #30266 (Invalid opcode 137/1/8) and array_walk [ext/standard/tests/array/array_walk/bug30266.phpt]
TEST 448/841 [ext/standard/tests/array/array_walk/bug34066.phpt][1;32mPASS[0m Bug #34066 (recursive array_walk causes segfault) [ext/standard/tests/array/array_walk/bug34066.phpt]
TEST 449/841 [ext/standard/tests/array/array_walk/bug34066_1.phpt][1;32mPASS[0m Bug #34066 (recursive array_walk causes segfault) [ext/standard/tests/array/array_walk/bug34066_1.phpt]
TEST 450/841 [ext/standard/tests/array/array_walk/bug34982.phpt][1;32mPASS[0m Bug #34982 (array_walk_recursive() modifies elements outside function scope) [ext/standard/tests/array/array_walk/bug34982.phpt]
TEST 451/841 [ext/standard/tests/array/array_walk/bug39576.phpt][1;32mPASS[0m Bug #39576 (array_walk() doesn't separate userdata zval) [ext/standard/tests/array/array_walk/bug39576.phpt]
TEST 452/841 [ext/standard/tests/array/array_walk/bug42850.phpt][1;32mPASS[0m Bug #42850 (array_walk_recursive() leaves references) [ext/standard/tests/array/array_walk/bug42850.phpt]
TEST 453/841 [ext/standard/tests/array/array_walk/bug52719.phpt][1;32mPASS[0m Bug #52719: array_walk_recursive crashes if third param of the function is by reference [ext/standard/tests/array/array_walk/bug52719.phpt]
TEST 454/841 [ext/standard/tests/array/array_walk/bug61730.phpt][1;32mPASS[0m Bug #61730 (Segfault from array_walk modifying an array passed by reference) [ext/standard/tests/array/array_walk/bug61730.phpt]
TEST 455/841 [ext/standard/tests/array/array_walk/bug61967.phpt][1;32mPASS[0m Bug #61967: unset array item in array_walk_recursive cause inconsistent array [ext/standard/tests/array/array_walk/bug61967.phpt]
TEST 456/841 [ext/standard/tests/array/array_walk/bug62607.phpt][1;32mPASS[0m Bug #62607: array_walk_recursive move internal pointer [ext/standard/tests/array/array_walk/bug62607.phpt]
TEST 457/841 [ext/standard/tests/array/array_walk/bug69068.phpt][1;32mPASS[0m Bug #69068: Exchanging array during array_walk -> memory errors [ext/standard/tests/array/array_walk/bug69068.phpt]
TEST 458/841 [ext/standard/tests/array/array_walk/bug69068_2.phpt][1;32mPASS[0m Bug #69068: Exchanging array during array_walk -> memory errors (variation) [ext/standard/tests/array/array_walk/bug69068_2.phpt]
TEST 459/841 [ext/standard/tests/array/array_walk/bug70713.phpt][1;32mPASS[0m Bug #70713: Use After Free Vulnerability in array_walk()/array_walk_recursive() [ext/standard/tests/array/array_walk/bug70713.phpt]
TEST 460/841 [ext/standard/tests/array/array_walk/bug79839.phpt][1;32mPASS[0m Bug #79839: array_walk() does not respect property types [ext/standard/tests/array/array_walk/bug79839.phpt]
TEST 461/841 [ext/standard/tests/array/bug14580.phpt][1;32mPASS[0m Bug #14580 (key() not binary safe) [ext/standard/tests/array/bug14580.phpt]
TEST 462/841 [ext/standard/tests/array/bug20381.phpt][1;32mPASS[0m Bug #20381 (array_merge_recursive mangles input arrays) [ext/standard/tests/array/bug20381.phpt]
TEST 463/841 [ext/standard/tests/array/bug20865.phpt][1;32mPASS[0m Bug #20865 (array_key_exists and NULL key) [ext/standard/tests/array/bug20865.phpt]
TEST 464/841 [ext/standard/tests/array/bug21918.phpt][1;32mPASS[0m Bug #21918 (different handling of positive vs. negative array indexes) [ext/standard/tests/array/bug21918.phpt]
TEST 465/841 [ext/standard/tests/array/bug21998.phpt][1;32mPASS[0m Bug #21998 (array_pop() does not reset the current array position) [ext/standard/tests/array/bug21998.phpt]
TEST 466/841 [ext/standard/tests/array/bug22088.phpt][1;32mPASS[0m Bug #22088 (array_shift() leaves next index to be +1 too much) [ext/standard/tests/array/bug22088.phpt]
TEST 467/841 [ext/standard/tests/array/bug22463.phpt][1;32mPASS[0m Bug #22463 (array_reduce() segfaults) [ext/standard/tests/array/bug22463.phpt]
TEST 468/841 [ext/standard/tests/array/bug23581.phpt][1;32mPASS[0m Bug #23581 (array_map(NULL, array, array, ...) yields an undefined result) [ext/standard/tests/array/bug23581.phpt]
TEST 469/841 [ext/standard/tests/array/bug23788.phpt][1;32mPASS[0m Bug #23788 (*_replace() clobbers referenced array elements) [ext/standard/tests/array/bug23788.phpt]
TEST 470/841 [ext/standard/tests/array/bug24198.phpt][1;32mPASS[0m Bug #24198 (array_merge_recursive() invalid recursion detection) [ext/standard/tests/array/bug24198.phpt]
TEST 471/841 [ext/standard/tests/array/bug24766.phpt][1;32mPASS[0m Bug #24766 (strange result array from unpack) [ext/standard/tests/array/bug24766.phpt]
TEST 472/841 [ext/standard/tests/array/bug24980.phpt][1;32mPASS[0m Bug #24980 (array_reduce() uses first element as default running total) [ext/standard/tests/array/bug24980.phpt]
TEST 473/841 [ext/standard/tests/array/bug25708.phpt][1;32mPASS[0m Bug #25708 (extract($GLOBALS, EXTR_REFS) mangles $GLOBALS) [ext/standard/tests/array/bug25708.phpt]
TEST 474/841 [ext/standard/tests/array/bug25758.phpt][1;32mPASS[0m Bug #25758 (var_export does not escape ' & \ inside array keys) [ext/standard/tests/array/bug25758.phpt]
TEST 475/841 [ext/standard/tests/array/bug26458.phpt][1;32mPASS[0m Bug #26458 (var_dump(), var_export() & debug_zval_dump() are not binary safe for array keys) [ext/standard/tests/array/bug26458.phpt]
TEST 476/841 [ext/standard/tests/array/bug28739.phpt][1;32mPASS[0m Bug #28739 (*diff() and *intersect() not clearing the fci cache before work) [ext/standard/tests/array/bug28739.phpt]
TEST 477/841 [ext/standard/tests/array/bug28974.phpt][1;32mPASS[0m Bug #28974 (array_(p)slice() treats large lengths incorrectly - overflow) [ext/standard/tests/array/bug28974.phpt]
TEST 478/841 [ext/standard/tests/array/bug29253.phpt][1;32mPASS[0m Bug #29253 (array_diff with $GLOBALS argument fails) [ext/standard/tests/array/bug29253.phpt]
TEST 479/841 [ext/standard/tests/array/bug29493.phpt][1;32mPASS[0m Bug #29493 (extract(EXTR_REFS) fails if array has multiple referrals) [ext/standard/tests/array/bug29493.phpt]
TEST 480/841 [ext/standard/tests/array/bug30074.phpt][1;32mPASS[0m Bug #30074 (EG(uninitialized_zval_ptr) gets set to reference using EXTR_REFS, affecting later values) [ext/standard/tests/array/bug30074.phpt]
TEST 481/841 [ext/standard/tests/array/bug30833.phpt][1;32mPASS[0m Bug #30833 (array_count_values() modifies input array) [ext/standard/tests/array/bug30833.phpt]
TEST 482/841 [ext/standard/tests/array/bug31158.phpt][1;32mPASS[0m Bug #31158 (array_splice on $GLOBALS crashes) [ext/standard/tests/array/bug31158.phpt]
TEST 483/841 [ext/standard/tests/array/bug31213.phpt][1;32mPASS[0m Bug #31213 (Sideeffects caused by bug #29493) [ext/standard/tests/array/bug31213.phpt]
TEST 484/841 [ext/standard/tests/array/bug33989.phpt][1;32mPASS[0m Bug #33989 (extract($GLOBALS,EXTR_REFS) crashes PHP) [ext/standard/tests/array/bug33989.phpt]
TEST 485/841 [ext/standard/tests/array/bug34227.phpt][1;32mPASS[0m Bug #34277 (array_filter() crashes with references and objects) [ext/standard/tests/array/bug34227.phpt]
TEST 486/841 [ext/standard/tests/array/bug35014.phpt][1;33mSKIP[0m Bug #35014 (array_product() always returns 0) (32bit) [ext/standard/tests/array/bug35014.phpt] reason: this test is for 32bit platform only
TEST 487/841 [ext/standard/tests/array/bug35014_64bit.phpt][1;32mPASS[0m Bug #35014 (array_product() always returns 0) (64bit) [ext/standard/tests/array/bug35014_64bit.phpt]
TEST 488/841 [ext/standard/tests/array/bug35022.phpt][1;32mPASS[0m Bug #35022 (Regression in the behavior of key/current functions) [ext/standard/tests/array/bug35022.phpt]
TEST 489/841 [ext/standard/tests/array/bug35821.phpt][1;32mPASS[0m Bug #35821 (array_map() segfaults when exception is throwed from the callback) [ext/standard/tests/array/bug35821.phpt]
TEST 490/841 [ext/standard/tests/array/bug38464.phpt][1;32mPASS[0m Bug #38464 (array_count_values() mishandles numeric strings) [ext/standard/tests/array/bug38464.phpt]
TEST 491/841 [ext/standard/tests/array/bug40191.phpt][1;32mPASS[0m Bug #40191 (use of array_unique() with objects triggers segfault) [ext/standard/tests/array/bug40191.phpt]
TEST 492/841 [ext/standard/tests/array/bug40709.phpt][1;32mPASS[0m Bug #40709 (array_reduce() behaves strange with one item stored arrays) [ext/standard/tests/array/bug40709.phpt]
TEST 493/841 [ext/standard/tests/array/bug41686.phpt][1;32mPASS[0m Bug #41686 (Omitting length param in array_slice not possible) [ext/standard/tests/array/bug41686.phpt]
TEST 494/841 [ext/standard/tests/array/bug42177.phpt][1;32mPASS[0m Bug #42177 (Warning "array_merge_recursive(): recursion detected" comes again...) [ext/standard/tests/array/bug42177.phpt]
TEST 495/841 [ext/standard/tests/array/bug42233.phpt][1;32mPASS[0m Bug #42233 (extract(): scandic characters not allowed as variable name) [ext/standard/tests/array/bug42233.phpt]
TEST 496/841 [ext/standard/tests/array/bug42838.phpt][1;32mPASS[0m Bug #42838 (Wrong results in array_diff_uassoc()) [ext/standard/tests/array/bug42838.phpt]
TEST 497/841 [ext/standard/tests/array/bug43495.phpt][1;32mPASS[0m Bug #43495 (array_merge_recursive() crashes with recursive arrays) [ext/standard/tests/array/bug43495.phpt]
TEST 498/841 [ext/standard/tests/array/bug43505.phpt][1;32mPASS[0m Bug #43505 (Assign by reference bug) [ext/standard/tests/array/bug43505.phpt]
TEST 499/841 [ext/standard/tests/array/bug43541.phpt][1;32mPASS[0m Bug #43541 (length parameter omitted or not does not work when casted to float) [ext/standard/tests/array/bug43541.phpt]
TEST 500/841 [ext/standard/tests/array/bug44181.phpt][1;32mPASS[0m Bug #44181 (extract EXTR_OVERWRITE|EXTR_REFS can fail to create references) [ext/standard/tests/array/bug44181.phpt]
TEST 501/841 [ext/standard/tests/array/bug44182.phpt][1;32mPASS[0m Bug #44182 (extract EXTR_REFS can fail to split copy-on-write references) [ext/standard/tests/array/bug44182.phpt]
TEST 502/841 [ext/standard/tests/array/bug45312.phpt][1;32mPASS[0m Bug #45312 (Segmentation fault on second request for array functions) [ext/standard/tests/array/bug45312.phpt]
TEST 503/841 [ext/standard/tests/array/bug46873.phpt][1;32mPASS[0m Bug #46873 (extract($foo) crashes if $foo['foo'] exists) [ext/standard/tests/array/bug46873.phpt]
TEST 504/841 [ext/standard/tests/array/bug48224.phpt][1;32mPASS[0m Bug #48224 (array_rand no longer shuffles) [ext/standard/tests/array/bug48224.phpt]
TEST 505/841 [ext/standard/tests/array/bug48854.phpt][1;32mPASS[0m Bug #48854 (array_merge_recursive modifies arrays after first one) [ext/standard/tests/array/bug48854.phpt]
TEST 506/841 [ext/standard/tests/array/bug51552.phpt][1;32mPASS[0m Bug #51552 (debug_backtrace() causes segmentation fault and/or memory issues) [ext/standard/tests/array/bug51552.phpt]
TEST 507/841 [ext/standard/tests/array/bug52534.phpt][1;32mPASS[0m Bug #52534 (var_export array with negative key) [ext/standard/tests/array/bug52534.phpt]
TEST 508/841 [ext/standard/tests/array/bug61058.phpt][1;32mPASS[0m Bug #61058 (array_fill leaks if start index is PHP_INT_MAX) [ext/standard/tests/array/bug61058.phpt]
TEST 509/841 [ext/standard/tests/array/bug65251.phpt][1;32mPASS[0m Bug #65251: array_merge_recursive() recursion detection broken [ext/standard/tests/array/bug65251.phpt]
TEST 510/841 [ext/standard/tests/array/bug65304.phpt][1;32mPASS[0m Bug #65304 (Use of max int in array_sum) [ext/standard/tests/array/bug65304.phpt]
TEST 511/841 [ext/standard/tests/array/bug67693.phpt][1;32mPASS[0m Bug #67693 - incorrect push to empty array [ext/standard/tests/array/bug67693.phpt]
TEST 512/841 [ext/standard/tests/array/bug68553.phpt][1;32mPASS[0m Bug #68553 (array_column: null values in $index_key become incrementing keys in result) [ext/standard/tests/array/bug68553.phpt]
TEST 513/841 [ext/standard/tests/array/bug69166.phpt][1;32mPASS[0m Fixed #69166 (Assigning array_values() to array does not reset key counter) [ext/standard/tests/array/bug69166.phpt]
TEST 514/841 [ext/standard/tests/array/bug69198.phpt][1;32mPASS[0m Bug #69198 (Compact function generate array with length but no content) [ext/standard/tests/array/bug69198.phpt]
TEST 515/841 [ext/standard/tests/array/bug69299.phpt][1;32mPASS[0m Bug #69299 (Regression in array_filter's $flag argument in PHP 7) [ext/standard/tests/array/bug69299.phpt]
TEST 516/841 [ext/standard/tests/array/bug69371.phpt][1;32mPASS[0m Bug #69371 (Hash table collision leads to inaccessible array keys) [ext/standard/tests/array/bug69371.phpt]
TEST 517/841 [ext/standard/tests/array/bug69413.phpt][1;32mPASS[0m Bug #69413: Warning in array_count_values() about array values not being string/int [ext/standard/tests/array/bug69413.phpt]
TEST 518/841 [ext/standard/tests/array/bug69674.phpt][1;32mPASS[0m Bug #69674 (SIGSEGV array.c:953) [ext/standard/tests/array/bug69674.phpt]
TEST 519/841 [ext/standard/tests/array/bug69723.phpt][1;32mPASS[0m Bug #69723 (Passing parameters by reference and array_column) [ext/standard/tests/array/bug69723.phpt]
TEST 520/841 [ext/standard/tests/array/bug70250.phpt][1;32mPASS[0m Bug #70250 (extract() turns array elements to references) [ext/standard/tests/array/bug70250.phpt]
TEST 521/841 [ext/standard/tests/array/bug70668.phpt][1;32mPASS[0m Bug #70668 (array_keys() doesn't respect references when $strict is true) [ext/standard/tests/array/bug70668.phpt]
TEST 522/841 [ext/standard/tests/array/bug70808.phpt][1;32mPASS[0m Bug #70808 (array_merge_recursive corrupts memory of unset items) [ext/standard/tests/array/bug70808.phpt]
TEST 523/841 [ext/standard/tests/array/bug70910.phpt][1;32mPASS[0m Bug #70910 (extract() breaks variable references) [ext/standard/tests/array/bug70910.phpt]
TEST 524/841 [ext/standard/tests/array/bug71220.phpt][1;32mPASS[0m Bug #71220 (Null pointer deref (segfault) in compact via ob_start) [ext/standard/tests/array/bug71220.phpt]
TEST 525/841 [ext/standard/tests/array/bug71603.phpt][1;32mPASS[0m Bug #71603 (compact() maintains references in php7) [ext/standard/tests/array/bug71603.phpt]
TEST 526/841 [ext/standard/tests/array/bug71660.phpt][1;32mPASS[0m Bug #71660 (array_column behaves incorrectly after foreach by reference) [ext/standard/tests/array/bug71660.phpt]
TEST 527/841 [ext/standard/tests/array/bug71837.phpt][1;32mPASS[0m Bug #71837 (Wrong arrays behaviour) [ext/standard/tests/array/bug71837.phpt]
TEST 528/841 [ext/standard/tests/array/bug72031.phpt][1;32mPASS[0m Bug #72031: array_column() against an array of objects discards all values matching null [ext/standard/tests/array/bug72031.phpt]
TEST 529/841 [ext/standard/tests/array/bug72116.phpt][1;32mPASS[0m Bug #72116 (insertion after array_fill fails) [ext/standard/tests/array/bug72116.phpt]
TEST 530/841 [ext/standard/tests/array/bug72369.phpt][1;32mPASS[0m Bug #72369 (array_merge() produces references in PHP7) [ext/standard/tests/array/bug72369.phpt]
TEST 531/841 [ext/standard/tests/array/bug72622.phpt][1;32mPASS[0m Bug #72622 (array_walk + array_replace_recursive create references from nothing) [ext/standard/tests/array/bug72622.phpt]
TEST 532/841 [ext/standard/tests/array/bug74345.phpt][1;32mPASS[0m Bug #74345: Call trampoline leaked if callback not invoked [ext/standard/tests/array/bug74345.phpt]
TEST 533/841 [ext/standard/tests/array/bug74361.phpt][1;32mPASS[0m Bug #74361: Compaction in array_rand() violates COW [ext/standard/tests/array/bug74361.phpt]
TEST 534/841 [ext/standard/tests/array/bug74361_2.phpt][1;32mPASS[0m Bug #74361: Compaction in array_rand() violates COW (variation) [ext/standard/tests/array/bug74361_2.phpt]
TEST 535/841 [ext/standard/tests/array/bug75433.phpt][1;32mPASS[0m array_values() preserves next index from source array when shallow-copying [ext/standard/tests/array/bug75433.phpt]
TEST 536/841 [ext/standard/tests/array/bug75653.phpt][1;32mPASS[0m Bug #75653: array_values don't work on empty array [ext/standard/tests/array/bug75653.phpt]
TEST 537/841 [ext/standard/tests/array/bug76505.phpt][1;32mPASS[0m Bug #76505 (array_merge_recursive() is duplicating sub-array keys) [ext/standard/tests/array/bug76505.phpt]
TEST 538/841 [ext/standard/tests/array/bug76713.phpt][1;32mPASS[0m Bug #76713 (Segmentation fault caused by property corruption) [ext/standard/tests/array/bug76713.phpt]
TEST 539/841 [ext/standard/tests/array/bug76778.phpt][1;32mPASS[0m Bug #76778 (array_reduce leaks memory if callback throws exception) [ext/standard/tests/array/bug76778.phpt]
TEST 540/841 [ext/standard/tests/array/bug77135.phpt][1;32mPASS[0m Test extract() with $this [ext/standard/tests/array/bug77135.phpt]
TEST 541/841 [ext/standard/tests/array/bug77669.phpt][1;32mPASS[0m Bug #77669: Crash in extract() when overwriting extracted array [ext/standard/tests/array/bug77669.phpt]
TEST 542/841 [ext/standard/tests/array/bug77793.phpt][1;32mPASS[0m Bug #77793: Segmentation fault in extract() when overwriting reference with itself [ext/standard/tests/array/bug77793.phpt]
TEST 543/841 [ext/standard/tests/array/bug77931.phpt][1;32mPASS[0m Bug #77931: Warning for array_map mentions wrong type [ext/standard/tests/array/bug77931.phpt]
TEST 544/841 [ext/standard/tests/array/bug78759.phpt][1;32mPASS[0m Bug #78759: array_search in $GLOBALS [ext/standard/tests/array/bug78759.phpt]
TEST 545/841 [ext/standard/tests/array/bug79868.phpt][1;32mPASS[0m Bug #79868: Sorting with array_unique gives unwanted result [ext/standard/tests/array/bug79868.phpt]
TEST 546/841 [ext/standard/tests/array/bug79930.phpt][1;32mPASS[0m Bug #79930: array_merge_recursive() crashes when called with array with single reference [ext/standard/tests/array/bug79930.phpt]
TEST 547/841 [ext/standard/tests/array/compact.phpt][1;32mPASS[0m compact() [ext/standard/tests/array/compact.phpt]
TEST 548/841 [ext/standard/tests/array/compact_basic.phpt][1;32mPASS[0m Test compact() function : basic functionality [ext/standard/tests/array/compact_basic.phpt]
TEST 549/841 [ext/standard/tests/array/compact_no_this.phpt][1;32mPASS[0m compact() without object context [ext/standard/tests/array/compact_no_this.phpt]
TEST 550/841 [ext/standard/tests/array/compact_order.phpt][1;32mPASS[0m compact() and hashmap order [ext/standard/tests/array/compact_order.phpt]
TEST 551/841 [ext/standard/tests/array/compact_this.phpt][1;32mPASS[0m compact() with object context [ext/standard/tests/array/compact_this.phpt]
TEST 552/841 [ext/standard/tests/array/compact_variation1.phpt][1;32mPASS[0m Test compact() function : usage variations  - arrays containing references. [ext/standard/tests/array/compact_variation1.phpt]
TEST 553/841 [ext/standard/tests/array/compact_variation2.phpt][1;32mPASS[0m Test compact() function: ensure compact() doesn't pick up variables declared outside of current scope. [ext/standard/tests/array/compact_variation2.phpt]
TEST 554/841 [ext/standard/tests/array/count_basic.phpt][1;32mPASS[0m Test count() function : basic functionality [ext/standard/tests/array/count_basic.phpt]
TEST 555/841 [ext/standard/tests/array/count_invalid.phpt][1;32mPASS[0m Only arrays and countable objects can be counted [ext/standard/tests/array/count_invalid.phpt]
TEST 556/841 [ext/standard/tests/array/count_invalid_mode.phpt][1;32mPASS[0m Test count() function : invalid modes in weak type mode [ext/standard/tests/array/count_invalid_mode.phpt]
TEST 557/841 [ext/standard/tests/array/count_recursive.phpt][1;32mPASS[0m Test count() function [ext/standard/tests/array/count_recursive.phpt]
TEST 558/841 [ext/standard/tests/array/count_symbol_table.phpt][1;32mPASS[0m Test count() function : count on symbol table [ext/standard/tests/array/count_symbol_table.phpt]
TEST 559/841 [ext/standard/tests/array/count_variation3.phpt][1;32mPASS[0m Test count() function : usage variations - Infinitely recursive array [ext/standard/tests/array/count_variation3.phpt]
TEST 560/841 [ext/standard/tests/array/current_basic.phpt][1;32mPASS[0m Test current() function : basic functionality [ext/standard/tests/array/current_basic.phpt]
TEST 561/841 [ext/standard/tests/array/current_variation2.phpt][1;32mPASS[0m Test current() function : usage variations - arrays containing different data types [ext/standard/tests/array/current_variation2.phpt]
TEST 562/841 [ext/standard/tests/array/current_variation3.phpt][1;32mPASS[0m Test current() function : usage variations - referenced variables [ext/standard/tests/array/current_variation3.phpt]
TEST 563/841 [ext/standard/tests/array/current_variation4.phpt][1;32mPASS[0m Test current() function : usage variations - multi-dimensional arrays [ext/standard/tests/array/current_variation4.phpt]
TEST 564/841 [ext/standard/tests/array/current_variation5.phpt][1;32mPASS[0m Test current() function : usage variations - reference & normal parameters [ext/standard/tests/array/current_variation5.phpt]
TEST 565/841 [ext/standard/tests/array/current_variation6.phpt][1;32mPASS[0m Test current() function : internal pointer maintenance at the end of array [ext/standard/tests/array/current_variation6.phpt]
TEST 566/841 [ext/standard/tests/array/end.phpt][1;33mSKIP[0m Test end() function [ext/standard/tests/array/end.phpt] reason: this test is for 32bit platform only
TEST 567/841 [ext/standard/tests/array/end_64bit.phpt][1;32mPASS[0m Test end() function [ext/standard/tests/array/end_64bit.phpt]
TEST 568/841 [ext/standard/tests/array/end_basic.phpt][1;32mPASS[0m Test end() function : basic functionality [ext/standard/tests/array/end_basic.phpt]
TEST 569/841 [ext/standard/tests/array/end_variation2.phpt][1;32mPASS[0m Test end() function : usage variations - Multi-dimensional arrays [ext/standard/tests/array/end_variation2.phpt]
TEST 570/841 [ext/standard/tests/array/end_variation3.phpt][1;32mPASS[0m Test end() function : usage variations - Referenced variables [ext/standard/tests/array/end_variation3.phpt]
TEST 571/841 [ext/standard/tests/array/extract_error.phpt][1;32mPASS[0m Test extract() function (error conditions) [ext/standard/tests/array/extract_error.phpt]
TEST 572/841 [ext/standard/tests/array/extract_error_variation1.phpt][1;32mPASS[0m Test extract() function - error condition - Invalid prefix. [ext/standard/tests/array/extract_error_variation1.phpt]
TEST 573/841 [ext/standard/tests/array/extract_safety.phpt][1;32mPASS[0m Test extract() for overwrite of GLOBALS [ext/standard/tests/array/extract_safety.phpt]
TEST 574/841 [ext/standard/tests/array/extract_typed_ref.phpt][1;32mPASS[0m extract() into typed references must respect their type [ext/standard/tests/array/extract_typed_ref.phpt]
TEST 575/841 [ext/standard/tests/array/extract_variation1.phpt][1;32mPASS[0m Test extract() function (variation 1) [ext/standard/tests/array/extract_variation1.phpt]
TEST 576/841 [ext/standard/tests/array/extract_variation10.phpt][1;32mPASS[0m Test extract() function - ensure EXTR_REFS doesn't mess with isRef flag on COW references to array elements. [ext/standard/tests/array/extract_variation10.phpt]
TEST 577/841 [ext/standard/tests/array/extract_variation11.phpt][1;32mPASS[0m Test extract() function - ensure EXTR_REFS works when array is referenced and keys clash with variables in current scope. [ext/standard/tests/array/extract_variation11.phpt]
TEST 578/841 [ext/standard/tests/array/extract_variation2.phpt][1;32mPASS[0m Test extract() function (variation 2) [ext/standard/tests/array/extract_variation2.phpt]
TEST 579/841 [ext/standard/tests/array/extract_variation3.phpt][1;32mPASS[0m Test extract() function (variation 3) [ext/standard/tests/array/extract_variation3.phpt]
TEST 580/841 [ext/standard/tests/array/extract_variation4.phpt][1;32mPASS[0m Test extract() function (variation 4) [ext/standard/tests/array/extract_variation4.phpt]
TEST 581/841 [ext/standard/tests/array/extract_variation5.phpt][1;32mPASS[0m Test extract() function (variation 5) [ext/standard/tests/array/extract_variation5.phpt]
TEST 582/841 [ext/standard/tests/array/extract_variation6.phpt][1;32mPASS[0m Test extract() function (variation 6) [ext/standard/tests/array/extract_variation6.phpt]
TEST 583/841 [ext/standard/tests/array/extract_variation7.phpt][1;32mPASS[0m Test extract() function (variation 7) [ext/standard/tests/array/extract_variation7.phpt]
TEST 584/841 [ext/standard/tests/array/extract_variation8.phpt][1;32mPASS[0m Test extract() function (variation 8) [ext/standard/tests/array/extract_variation8.phpt]
TEST 585/841 [ext/standard/tests/array/extract_variation9.phpt][1;32mPASS[0m Test extract() function (variation 9) [ext/standard/tests/array/extract_variation9.phpt]
TEST 586/841 [ext/standard/tests/array/gh14140.phpt][1;31mFAIL[0m GH-14140: Floating point bug in range operation on Apple Silicon hardware [ext/standard/tests/array/gh14140.phpt]
TEST 587/841 [ext/standard/tests/array/gh14775.phpt][1;32mPASS[0m GH-14775: Range negative step overflow [ext/standard/tests/array/gh14775.phpt]
TEST 588/841 [ext/standard/tests/array/gh15982.phpt][1;32mPASS[0m GH-15982 (Assertion failure with array_find when references are involved) [ext/standard/tests/array/gh15982.phpt]
TEST 589/841 [ext/standard/tests/array/gh16053.phpt][1;32mPASS[0m GH-16053: Assertion failure in Zend/zend_hash.c [ext/standard/tests/array/gh16053.phpt]
TEST 590/841 [ext/standard/tests/array/gh16649/array_splice_normal_destructor.phpt][1;32mPASS[0m GH-16649: array_splice with normal destructor should work fine [ext/standard/tests/array/gh16649/array_splice_normal_destructor.phpt]
TEST 591/841 [ext/standard/tests/array/gh16649/array_splice_uaf_add_elements.phpt][1;32mPASS[0m GH-16649: array_splice UAF when destructor adds elements to array [ext/standard/tests/array/gh16649/array_splice_uaf_add_elements.phpt]
TEST 592/841 [ext/standard/tests/array/gh16649/array_splice_uaf_array_deallocated.phpt][1;32mPASS[0m GH-16649: array_splice UAF when array is released entirely [ext/standard/tests/array/gh16649/array_splice_uaf_array_deallocated.phpt]
TEST 593/841 [ext/standard/tests/array/gh16649/array_splice_uaf_complex_modification.phpt][1;32mPASS[0m GH-16649: array_splice UAF with complex array modification [ext/standard/tests/array/gh16649/array_splice_uaf_complex_modification.phpt]
TEST 594/841 [ext/standard/tests/array/gh16649/array_splice_uaf_multiple_destructors.phpt][1;32mPASS[0m GH-16649: array_splice UAF with multiple destructors [ext/standard/tests/array/gh16649/array_splice_uaf_multiple_destructors.phpt]
TEST 595/841 [ext/standard/tests/array/gh16649/array_splice_uaf_original_case.phpt][1;32mPASS[0m GH-16649: array_splice UAF with destructor modifying array (original case) [ext/standard/tests/array/gh16649/array_splice_uaf_original_case.phpt]
TEST 596/841 [ext/standard/tests/array/gh16649/array_splice_uaf_packed_to_hash.phpt][1;32mPASS[0m GH-16649: array_splice UAF when array is converted from packed to hash [ext/standard/tests/array/gh16649/array_splice_uaf_packed_to_hash.phpt]
TEST 597/841 [ext/standard/tests/array/gh16649/array_splice_with_replacement.phpt][1;32mPASS[0m GH-16649: array_splice with replacement array when destructor modifies array [ext/standard/tests/array/gh16649/array_splice_with_replacement.phpt]
TEST 598/841 [ext/standard/tests/array/gh16905.phpt][1;32mPASS[0m GH-16905 (Internal iterator functions can't handle UNDEF properties) [ext/standard/tests/array/gh16905.phpt]
TEST 599/841 [ext/standard/tests/array/gh16957.phpt][1;32mPASS[0m GH-16957 (Assertion failure in array_shift with self-referencing array) [ext/standard/tests/array/gh16957.phpt]
TEST 600/841 [ext/standard/tests/array/gh17447.phpt][1;32mPASS[0m GH-17447 (Assertion failure when array poping a self addressing variable) [ext/standard/tests/array/gh17447.phpt]
TEST 601/841 [ext/standard/tests/array/gh17977.phpt][1;32mPASS[0m array_any() / array_all() leak [ext/standard/tests/array/gh17977.phpt]
TEST 602/841 [ext/standard/tests/array/gh18480.phpt][1;32mPASS[0m GH-18480 (array_splice overflow with large offset / length values) [ext/standard/tests/array/gh18480.phpt]
TEST 603/841 [ext/standard/tests/array/gh19300_1.phpt][1;32mPASS[0m GH-19300 (Nested array_multisort invocation with error breaks) - correct invocation variation [ext/standard/tests/array/gh19300_1.phpt]
TEST 604/841 [ext/standard/tests/array/gh19300_2.phpt][1;32mPASS[0m GH-19300 (Nested array_multisort invocation with error breaks) - error variation [ext/standard/tests/array/gh19300_2.phpt]
TEST 605/841 [ext/standard/tests/array/gh9244.phpt][1;32mPASS[0m Bug GH-9244 (Segfault with array_multisort + array_shift) [ext/standard/tests/array/gh9244.phpt]
TEST 606/841 [ext/standard/tests/array/in_array_variation1.phpt][1;32mPASS[0m Test in_array() function : usage variations - different needdle values [ext/standard/tests/array/in_array_variation1.phpt]
TEST 607/841 [ext/standard/tests/array/in_array_variation2.phpt][1;32mPASS[0m Test in_array() function : usage variations - different haystack values [ext/standard/tests/array/in_array_variation2.phpt]
TEST 608/841 [ext/standard/tests/array/in_array_variation3.phpt][1;32mPASS[0m Test in_array() function : usage variations - haystack as sub-array/object [ext/standard/tests/array/in_array_variation3.phpt]
TEST 609/841 [ext/standard/tests/array/in_array_variation4.phpt][1;32mPASS[0m Test in_array() function : usage variations - haystack as resource/multi dimensional array [ext/standard/tests/array/in_array_variation4.phpt]
TEST 610/841 [ext/standard/tests/array/in_array_with_ref.phpt][1;32mPASS[0m in_array() with references [ext/standard/tests/array/in_array_with_ref.phpt]
TEST 611/841 [ext/standard/tests/array/key_basic.phpt][1;32mPASS[0m Test key() function : basic functionality [ext/standard/tests/array/key_basic.phpt]
TEST 612/841 [ext/standard/tests/array/key_exists_basic.phpt][1;32mPASS[0m Test function key_exists() by calling it with its expected arguments [ext/standard/tests/array/key_exists_basic.phpt]
TEST 613/841 [ext/standard/tests/array/key_exists_variation1.phpt][1;32mPASS[0m Test function key_exists() by calling it with its expected arguments [ext/standard/tests/array/key_exists_variation1.phpt]
TEST 614/841 [ext/standard/tests/array/key_exists_variation2.phpt][1;32mPASS[0m Test function key_exists() by calling it with its expected arguments [ext/standard/tests/array/key_exists_variation2.phpt]
TEST 615/841 [ext/standard/tests/array/key_variation2.phpt][1;32mPASS[0m Test key() function : usage variations [ext/standard/tests/array/key_variation2.phpt]
TEST 616/841 [ext/standard/tests/array/key_variation3.phpt][1;32mPASS[0m Test key() function : usage variations [ext/standard/tests/array/key_variation3.phpt]
TEST 617/841 [ext/standard/tests/array/key_variation4.phpt][1;32mPASS[0m Test key() function : usage variations [ext/standard/tests/array/key_variation4.phpt]
TEST 618/841 [ext/standard/tests/array/max.phpt][1;32mPASS[0m max() tests [ext/standard/tests/array/max.phpt]
TEST 619/841 [ext/standard/tests/array/max_basic.phpt][1;32mPASS[0m Test return type and value for expected input max() [ext/standard/tests/array/max_basic.phpt]
TEST 620/841 [ext/standard/tests/array/max_basiclong_64bit.phpt][1;32mPASS[0m Test max function : 64bit long tests [ext/standard/tests/array/max_basiclong_64bit.phpt]
TEST 621/841 [ext/standard/tests/array/max_int_float_optimisation.phpt][1;32mPASS[0m Check max() optimisation for int and float types [ext/standard/tests/array/max_int_float_optimisation.phpt]
TEST 622/841 [ext/standard/tests/array/max_variation1.phpt][1;32mPASS[0m Test variations in usage of max() [ext/standard/tests/array/max_variation1.phpt]
TEST 623/841 [ext/standard/tests/array/max_variation2.phpt][1;32mPASS[0m Test variations in usage of max() [ext/standard/tests/array/max_variation2.phpt]
TEST 624/841 [ext/standard/tests/array/min.phpt][1;32mPASS[0m min() tests [ext/standard/tests/array/min.phpt]
TEST 625/841 [ext/standard/tests/array/min_basic.phpt][1;32mPASS[0m Test return type and value for expected input min() [ext/standard/tests/array/min_basic.phpt]
TEST 626/841 [ext/standard/tests/array/min_basiclong_64bit.phpt][1;32mPASS[0m Test min function : 64bit long tests [ext/standard/tests/array/min_basiclong_64bit.phpt]
TEST 627/841 [ext/standard/tests/array/min_int_float_optimisation.phpt][1;32mPASS[0m Check min() optimisation for int and float types [ext/standard/tests/array/min_int_float_optimisation.phpt]
TEST 628/841 [ext/standard/tests/array/min_variation1.phpt][1;32mPASS[0m Test variations in usage of min() [ext/standard/tests/array/min_variation1.phpt]
TEST 629/841 [ext/standard/tests/array/min_variation2.phpt][1;32mPASS[0m Test variations in usage of min() [ext/standard/tests/array/min_variation2.phpt]
TEST 630/841 [ext/standard/tests/array/negative_index.phpt][1;32mPASS[0m Test arrays starting with negative indices [ext/standard/tests/array/negative_index.phpt]
TEST 631/841 [ext/standard/tests/array/negative_index_empty_array.phpt][1;32mPASS[0m Test empty arrays with first added index being negative [ext/standard/tests/array/negative_index_empty_array.phpt]
TEST 632/841 [ext/standard/tests/array/next_basic.phpt][1;32mPASS[0m Test next() function : basic functionality [ext/standard/tests/array/next_basic.phpt]
TEST 633/841 [ext/standard/tests/array/next_variation2.phpt][1;32mPASS[0m Test next() function : usage variation - Mulit-dimensional arrays [ext/standard/tests/array/next_variation2.phpt]
TEST 634/841 [ext/standard/tests/array/packed_001.phpt][1;32mPASS[0m array_keys() and array_values() w/ packed optimization [ext/standard/tests/array/packed_001.phpt]
TEST 635/841 [ext/standard/tests/array/prev_basic.phpt][1;32mPASS[0m Test prev() function : basic functionality [ext/standard/tests/array/prev_basic.phpt]
TEST 636/841 [ext/standard/tests/array/prev_error2.phpt][1;32mPASS[0m prev - ensure warning is received when passing an indirect temporary. [ext/standard/tests/array/prev_error2.phpt]
TEST 637/841 [ext/standard/tests/array/prev_error3.phpt][1;32mPASS[0m prev - ensure we cannot pass a temporary [ext/standard/tests/array/prev_error3.phpt]
TEST 638/841 [ext/standard/tests/array/prev_variation2.phpt][1;32mPASS[0m Test prev() function : usage variation - Multi-dimensional arrays [ext/standard/tests/array/prev_variation2.phpt]
TEST 639/841 [ext/standard/tests/array/range/bug21182.phpt][1;32mPASS[0m Bug #21182 (range modifies arguments) [ext/standard/tests/array/range/bug21182.phpt]
TEST 640/841 [ext/standard/tests/array/range/bug24220.phpt][1;32mPASS[0m Bug #24220 (range() numeric string handling) [ext/standard/tests/array/range/bug24220.phpt]
TEST 641/841 [ext/standard/tests/array/range/bug32021.phpt][1;32mPASS[0m Bug #32021 (Crash caused by range('', 'z')) [ext/standard/tests/array/range/bug32021.phpt]
TEST 642/841 [ext/standard/tests/array/range/bug41121.phpt][1;33mSKIP[0m Bug #41121 (range() overflow handling for large numbers on 32bit machines) [ext/standard/tests/array/range/bug41121.phpt] reason: this test is for 32bit platform only
TEST 643/841 [ext/standard/tests/array/range/bug54459.phpt][1;31mFAIL[0m Bug #54459 (Range function accuracy) [ext/standard/tests/array/range/bug54459.phpt]
TEST 644/841 [ext/standard/tests/array/range/gh13094.phpt][1;31mFAIL[0m GH-13094 (range(9.9, '0') causes segmentation fault) [ext/standard/tests/array/range/gh13094.phpt]
TEST 645/841 [ext/standard/tests/array/range/range_bug70239_0.phpt][1;32mPASS[0m Bug #70239 Creating a huge array doesn't result in exhausted, but segfault, var 1 [ext/standard/tests/array/range/range_bug70239_0.phpt]
TEST 646/841 [ext/standard/tests/array/range/range_bug70239_1.phpt][1;32mPASS[0m Bug #70239 Creating a huge array doesn't result in exhausted, but segfault, var 2 [ext/standard/tests/array/range/range_bug70239_1.phpt]
TEST 647/841 [ext/standard/tests/array/range/range_bug70239_2.phpt][1;32mPASS[0m Bug #70239 Creating a huge array doesn't result in exhausted, but segfault, var 3 [ext/standard/tests/array/range/range_bug70239_2.phpt]
TEST 648/841 [ext/standard/tests/array/range/range_bug70239_3.phpt][1;32mPASS[0m Bug #70239 Creating a huge array doesn't result in exhausted, but segfault, var 4 [ext/standard/tests/array/range/range_bug70239_3.phpt]
TEST 649/841 [ext/standard/tests/array/range/range_bug71132.phpt][1;32mPASS[0m Bug #71132 (range function produces 2 segfaults with long integers) [ext/standard/tests/array/range/range_bug71132.phpt]
TEST 650/841 [ext/standard/tests/array/range/range_bug71197.phpt][1;32mPASS[0m Bug #71197 (range function produces another 2 segfaults with long integers) [ext/standard/tests/array/range/range_bug71197.phpt]
TEST 651/841 [ext/standard/tests/array/range/range_bug72017.phpt][1;31mFAIL[0m Bug #72017 (incorrect truncation due to floating point precision issue) [ext/standard/tests/array/range/range_bug72017.phpt]
TEST 652/841 [ext/standard/tests/array/range/range_inputs_float_NAN_values.phpt][1;32mPASS[0m Test range() function with non finite numbers [ext/standard/tests/array/range/range_inputs_float_NAN_values.phpt]
TEST 653/841 [ext/standard/tests/array/range/range_inputs_float_basic.phpt][1;32mPASS[0m range(): float boundary inputs [ext/standard/tests/array/range/range_inputs_float_basic.phpt]
TEST 654/841 [ext/standard/tests/array/range/range_inputs_float_small_step_exhaustion.phpt][1;32mPASS[0m Creating a range that exceeds the maximum array size [ext/standard/tests/array/range/range_inputs_float_small_step_exhaustion.phpt]
TEST 655/841 [ext/standard/tests/array/range/range_inputs_int_basic.phpt][1;32mPASS[0m range(): integer boundary inputs [ext/standard/tests/array/range/range_inputs_int_basic.phpt]
TEST 656/841 [ext/standard/tests/array/range/range_inputs_int_with_float_step.phpt][1;32mPASS[0m Test range() function with integer inputs and float step [ext/standard/tests/array/range/range_inputs_int_with_float_step.phpt]
TEST 657/841 [ext/standard/tests/array/range/range_inputs_null_variations.phpt][1;31mFAIL[0m Test range() function with null as argument. [ext/standard/tests/array/range/range_inputs_null_variations.phpt]
TEST 658/841 [ext/standard/tests/array/range/range_inputs_numeric_basic.phpt][1;32mPASS[0m range(): mixed numeric types boundary inputs [ext/standard/tests/array/range/range_inputs_numeric_basic.phpt]
TEST 659/841 [ext/standard/tests/array/range/range_inputs_string_basic.phpt][1;32mPASS[0m Test range() function with basic/expected string inputs [ext/standard/tests/array/range/range_inputs_string_basic.phpt]
TEST 660/841 [ext/standard/tests/array/range/range_inputs_string_digits.phpt][1;32mPASS[0m Test range() function with string digits [ext/standard/tests/array/range/range_inputs_string_digits.phpt]
TEST 661/841 [ext/standard/tests/array/range/range_inputs_string_digits_float_step.phpt][1;32mPASS[0m Test range() function where boundary are string digits and step is a float [ext/standard/tests/array/range/range_inputs_string_digits_float_step.phpt]
TEST 662/841 [ext/standard/tests/array/range/range_inputs_string_invalid.phpt][1;31mFAIL[0m Test range() function with unexpected string inputs [ext/standard/tests/array/range/range_inputs_string_invalid.phpt]
TEST 663/841 [ext/standard/tests/array/range/range_inputs_string_numeric.phpt][1;32mPASS[0m range(): numeric string boundary inputs [ext/standard/tests/array/range/range_inputs_string_numeric.phpt]
TEST 664/841 [ext/standard/tests/array/range/range_inputs_string_variations.phpt][1;32mPASS[0m Test range() function with unexpected string input variations or unusual step. [ext/standard/tests/array/range/range_inputs_string_variations.phpt]
TEST 665/841 [ext/standard/tests/array/range/range_negative_step_decreasing_ranges.phpt][1;32mPASS[0m range() allows $step parameter to be negative for decreasing ranges [ext/standard/tests/array/range/range_negative_step_decreasing_ranges.phpt]
TEST 666/841 [ext/standard/tests/array/range/range_step_errors.phpt][1;32mPASS[0m range() programattic errors for the $step parameter [ext/standard/tests/array/range/range_step_errors.phpt]
TEST 667/841 [ext/standard/tests/array/range/range_variation1.phpt][1;33mSKIP[0m Test range() function (variation-2) [ext/standard/tests/array/range/range_variation1.phpt] reason: this test is for 32bit platform only
TEST 668/841 [ext/standard/tests/array/range/range_variation1_64bit.phpt][1;32mPASS[0m Test range() function (variation-2) [ext/standard/tests/array/range/range_variation1_64bit.phpt]
TEST 669/841 [ext/standard/tests/array/rcn_in_place.phpt][1;32mPASS[0m RCN check for in-place array modifications [ext/standard/tests/array/rcn_in_place.phpt]
TEST 670/841 [ext/standard/tests/array/reset_basic.phpt][1;32mPASS[0m Test reset() function : basic functionality [ext/standard/tests/array/reset_basic.phpt]
TEST 671/841 [ext/standard/tests/array/reset_variation2.phpt][1;32mPASS[0m Test reset() function : usage variations - unset first element [ext/standard/tests/array/reset_variation2.phpt]
TEST 672/841 [ext/standard/tests/array/reset_variation3.phpt][1;32mPASS[0m Test reset() function : usage variations - Referenced variables [ext/standard/tests/array/reset_variation3.phpt]
TEST 673/841 [ext/standard/tests/array/sizeof_basic2.phpt][1;32mPASS[0m Test sizeof() function : basic functionality - for non-scalar type(array) [ext/standard/tests/array/sizeof_basic2.phpt]
TEST 674/841 [ext/standard/tests/array/sizeof_object1.phpt][1;32mPASS[0m Test sizeof() function : object functionality - object with Countable interface [ext/standard/tests/array/sizeof_object1.phpt]
TEST 675/841 [ext/standard/tests/array/sizeof_object2.phpt][1;32mPASS[0m Test sizeof() function : object functionality - objects without Countable interface [ext/standard/tests/array/sizeof_object2.phpt]
TEST 676/841 [ext/standard/tests/array/sizeof_variation2.phpt][1;32mPASS[0m Test sizeof() function : usage variations - different array values for 'var' argument [ext/standard/tests/array/sizeof_variation2.phpt]
TEST 677/841 [ext/standard/tests/array/sizeof_variation3.phpt][1;32mPASS[0m Test sizeof() function : usage variations - checking for infinite recursion in COUNT_RECURSIVE mode [ext/standard/tests/array/sizeof_variation3.phpt]
TEST 678/841 [ext/standard/tests/array/sort/array_multisort_basic1.phpt][1;32mPASS[0m Test array_multisort() function : basic functionality [ext/standard/tests/array/sort/array_multisort_basic1.phpt]
TEST 679/841 [ext/standard/tests/array/sort/array_multisort_basic2.phpt][1;32mPASS[0m Test array_multisort() function : basic functionality [ext/standard/tests/array/sort/array_multisort_basic2.phpt]
TEST 680/841 [ext/standard/tests/array/sort/array_multisort_case.phpt][1;32mPASS[0m Test array_multisort() function : case-sensitive [ext/standard/tests/array/sort/array_multisort_case.phpt]
TEST 681/841 [ext/standard/tests/array/sort/array_multisort_error.phpt][1;32mPASS[0m Test array_multisort() function : error conditions [ext/standard/tests/array/sort/array_multisort_error.phpt]
TEST 682/841 [ext/standard/tests/array/sort/array_multisort_incase.phpt][1;32mPASS[0m Test array_multisort() function : case-insensitive [ext/standard/tests/array/sort/array_multisort_incase.phpt]
TEST 683/841 [ext/standard/tests/array/sort/array_multisort_natural.phpt][1;32mPASS[0m Test array_multisort() function : natural sorting [ext/standard/tests/array/sort/array_multisort_natural.phpt]
TEST 684/841 [ext/standard/tests/array/sort/array_multisort_natural_case.phpt][1;32mPASS[0m Test array_multisort() function : natural sorting case-sensitive [ext/standard/tests/array/sort/array_multisort_natural_case.phpt]
TEST 685/841 [ext/standard/tests/array/sort/array_multisort_natural_incase.phpt][1;32mPASS[0m Test array_multisort() function : natural sorting case-insensitive [ext/standard/tests/array/sort/array_multisort_natural_incase.phpt]
TEST 686/841 [ext/standard/tests/array/sort/array_multisort_stability.phpt][1;32mPASS[0m array_multisort() is stable [ext/standard/tests/array/sort/array_multisort_stability.phpt]
TEST 687/841 [ext/standard/tests/array/sort/array_multisort_variation1.phpt][1;32mPASS[0m Test array_multisort() function : usage variation [ext/standard/tests/array/sort/array_multisort_variation1.phpt]
TEST 688/841 [ext/standard/tests/array/sort/array_multisort_variation10.phpt][1;32mPASS[0m Test array_multisort() function : usage variation - testing with anonymous array arguments [ext/standard/tests/array/sort/array_multisort_variation10.phpt]
TEST 689/841 [ext/standard/tests/array/sort/array_multisort_variation11.phpt][1;32mPASS[0m Test array_multisort() function : usage variation - testing with empty array [ext/standard/tests/array/sort/array_multisort_variation11.phpt]
TEST 690/841 [ext/standard/tests/array/sort/array_multisort_variation2.phpt][1;32mPASS[0m Test array_multisort() function : usage variation [ext/standard/tests/array/sort/array_multisort_variation2.phpt]
TEST 691/841 [ext/standard/tests/array/sort/array_multisort_variation3.phpt][1;32mPASS[0m Test array_multisort() function : usage variation [ext/standard/tests/array/sort/array_multisort_variation3.phpt]
TEST 692/841 [ext/standard/tests/array/sort/array_multisort_variation4.phpt][1;32mPASS[0m Test array_multisort() function : usage variation - testing with multiple array arguments [ext/standard/tests/array/sort/array_multisort_variation4.phpt]
TEST 693/841 [ext/standard/tests/array/sort/array_multisort_variation5.phpt][1;32mPASS[0m Test array_multisort() function : usage variation - testing with multiple array arguments [ext/standard/tests/array/sort/array_multisort_variation5.phpt]
TEST 694/841 [ext/standard/tests/array/sort/array_multisort_variation6.phpt][1;32mPASS[0m Test array_multisort() function : usage variation - testing with multiple array arguments [ext/standard/tests/array/sort/array_multisort_variation6.phpt]
TEST 695/841 [ext/standard/tests/array/sort/array_multisort_variation7.phpt][1;32mPASS[0m Test array_multisort() function : usage variation - test sort order of all types [ext/standard/tests/array/sort/array_multisort_variation7.phpt]
TEST 696/841 [ext/standard/tests/array/sort/array_multisort_variation8.phpt][1;32mPASS[0m Test array_multisort() function : usage variation - test sort order of all types [ext/standard/tests/array/sort/array_multisort_variation8.phpt]
TEST 697/841 [ext/standard/tests/array/sort/array_multisort_variation9.phpt][1;32mPASS[0m Test array_multisort() function : usage variation - test sort order of all types [ext/standard/tests/array/sort/array_multisort_variation9.phpt]
TEST 698/841 [ext/standard/tests/array/sort/array_shuffle_basic.phpt][1;32mPASS[0m array_shuffle(): Test return type and value for expected input [ext/standard/tests/array/sort/array_shuffle_basic.phpt]
TEST 699/841 [ext/standard/tests/array/sort/arsort_basic.phpt][1;32mPASS[0m Test arsort() function : basic functionality [ext/standard/tests/array/sort/arsort_basic.phpt]
TEST 700/841 [ext/standard/tests/array/sort/arsort_object1.phpt][1;32mPASS[0m Test arsort() function : object functionality - sort objects [ext/standard/tests/array/sort/arsort_object1.phpt]
TEST 701/841 [ext/standard/tests/array/sort/arsort_object2.phpt][1;32mPASS[0m Test arsort() function : object functionality - sorting objects with diff. accessibility of member vars [ext/standard/tests/array/sort/arsort_object2.phpt]
TEST 702/841 [ext/standard/tests/array/sort/arsort_variation10.phpt][1;32mPASS[0m Test arsort() function : usage variations - sort octal values [ext/standard/tests/array/sort/arsort_variation10.phpt]
TEST 703/841 [ext/standard/tests/array/sort/arsort_variation11.phpt][1;32mPASS[0m Test arsort() function : usage variations - sort mixed values, 'sort_flags' as default/SORT_REGULAR (OK to fail as result is unpredectable) [ext/standard/tests/array/sort/arsort_variation11.phpt]
TEST 704/841 [ext/standard/tests/array/sort/arsort_variation3.phpt][1;32mPASS[0m Test arsort() function : usage variations - sort integer/float values [ext/standard/tests/array/sort/arsort_variation3.phpt]
TEST 705/841 [ext/standard/tests/array/sort/arsort_variation4.phpt][1;32mPASS[0m Test arsort() function : usage variations - sort reference variables [ext/standard/tests/array/sort/arsort_variation4.phpt]
TEST 706/841 [ext/standard/tests/array/sort/arsort_variation5.phpt][1;32mPASS[0m Test arsort() function : usage variations - sort strings [ext/standard/tests/array/sort/arsort_variation5.phpt]
TEST 707/841 [ext/standard/tests/array/sort/arsort_variation6.phpt][1;32mPASS[0m Test arsort() function : usage variations - sort hexadecimal values [ext/standard/tests/array/sort/arsort_variation6.phpt]
TEST 708/841 [ext/standard/tests/array/sort/arsort_variation7.phpt][1;32mPASS[0m Test arsort() function : usage variations - sort bool values [ext/standard/tests/array/sort/arsort_variation7.phpt]
TEST 709/841 [ext/standard/tests/array/sort/arsort_variation8.phpt][1;32mPASS[0m Test arsort() function : usage variations - sort array with diff. sub arrays, 'sort_flags' as default/SORT_REGULAR [ext/standard/tests/array/sort/arsort_variation8.phpt]
TEST 710/841 [ext/standard/tests/array/sort/arsort_variation9.phpt][1;32mPASS[0m Test arsort() function : usage variations - sorting arrays with/without keys, 'sort_flags' as default/SORT_REGULAR [ext/standard/tests/array/sort/arsort_variation9.phpt]
TEST 711/841 [ext/standard/tests/array/sort/arsort_variation_escape_sequences.phpt][1;32mPASS[0m Test arsort() function: sorting escape sequences [ext/standard/tests/array/sort/arsort_variation_escape_sequences.phpt]
TEST 712/841 [ext/standard/tests/array/sort/asort_basic.phpt][1;32mPASS[0m Test asort() function : basic functionality [ext/standard/tests/array/sort/asort_basic.phpt]
TEST 713/841 [ext/standard/tests/array/sort/asort_object1.phpt][1;32mPASS[0m Test asort() function : object functionality - sort objects [ext/standard/tests/array/sort/asort_object1.phpt]
TEST 714/841 [ext/standard/tests/array/sort/asort_object2.phpt][1;32mPASS[0m Test asort() function : object functionality - sorting objects with diff. accessibility of member vars [ext/standard/tests/array/sort/asort_object2.phpt]
TEST 715/841 [ext/standard/tests/array/sort/asort_stability.phpt][1;32mPASS[0m asort() is stable [ext/standard/tests/array/sort/asort_stability.phpt]
TEST 716/841 [ext/standard/tests/array/sort/asort_variation10.phpt][1;32mPASS[0m Test asort() function : usage variations - sort octal values [ext/standard/tests/array/sort/asort_variation10.phpt]
TEST 717/841 [ext/standard/tests/array/sort/asort_variation11.phpt][1;32mPASS[0m Test asort() function : usage variations - sort mixed values, 'sort_flags' as default/SORT_REGULAR (OK to fail as result is unpredectable) [ext/standard/tests/array/sort/asort_variation11.phpt]
TEST 718/841 [ext/standard/tests/array/sort/asort_variation3.phpt][1;32mPASS[0m Test asort() function : usage variations - sort integer/float values [ext/standard/tests/array/sort/asort_variation3.phpt]
TEST 719/841 [ext/standard/tests/array/sort/asort_variation4.phpt][1;32mPASS[0m Test asort() function : usage variations - sort reference variables [ext/standard/tests/array/sort/asort_variation4.phpt]
TEST 720/841 [ext/standard/tests/array/sort/asort_variation5.phpt][1;32mPASS[0m Test asort() function : usage variations - sort strings [ext/standard/tests/array/sort/asort_variation5.phpt]
TEST 721/841 [ext/standard/tests/array/sort/asort_variation6.phpt][1;32mPASS[0m Test asort() function : usage variations - sort hexadecimal values [ext/standard/tests/array/sort/asort_variation6.phpt]
TEST 722/841 [ext/standard/tests/array/sort/asort_variation7.phpt][1;32mPASS[0m Test asort() function : usage variations - sort bool values [ext/standard/tests/array/sort/asort_variation7.phpt]
TEST 723/841 [ext/standard/tests/array/sort/asort_variation8.phpt][1;32mPASS[0m Test asort() function : usage variations - sort array with diff. sub arrays, 'sort_flags' as default/SORT_REGULAR [ext/standard/tests/array/sort/asort_variation8.phpt]
TEST 724/841 [ext/standard/tests/array/sort/asort_variation9.phpt][1;32mPASS[0m Test asort() function : usage variations - sorting arrays with/without keys, 'sort_flags' as default/SORT_REGULAR [ext/standard/tests/array/sort/asort_variation9.phpt]
TEST 725/841 [ext/standard/tests/array/sort/asort_variation_escape_sequences.phpt][1;32mPASS[0m Test asort() function: sorting escape sequences [ext/standard/tests/array/sort/asort_variation_escape_sequences.phpt]
TEST 726/841 [ext/standard/tests/array/sort/bug24897.phpt][1;32mPASS[0m Bug #24897 (inconsistent behaviour or shuffle() & array_multisort()) [ext/standard/tests/array/sort/bug24897.phpt]
TEST 727/841 [ext/standard/tests/array/sort/bug25359.phpt][1;32mPASS[0m Bug #25359 (array_multisort() does not work in a function if array is global or reference) [ext/standard/tests/array/sort/bug25359.phpt]
TEST 728/841 [ext/standard/tests/array/sort/bug33382.phpt][1;32mPASS[0m Bug #33382 (array_reverse() fails after *sort() ) [ext/standard/tests/array/sort/bug33382.phpt]
TEST 729/841 [ext/standard/tests/array/sort/bug36975.phpt][1;32mPASS[0m Bug #36975 (natcasesort() causes array_pop() to misbehave) [ext/standard/tests/array/sort/bug36975.phpt]
TEST 730/841 [ext/standard/tests/array/sort/bug44929.phpt][1;32mPASS[0m Bug #44929 (natsort doesn't handle leading zeros well) [ext/standard/tests/array/sort/bug44929.phpt]
TEST 731/841 [ext/standard/tests/array/sort/bug50006.phpt][1;32mPASS[0m Bug #50006 (Segfault caused by uksort()) [ext/standard/tests/array/sort/bug50006.phpt]
TEST 732/841 [ext/standard/tests/array/sort/bug50006_1.phpt][1;32mPASS[0m Bug #50006 (Segfault caused by uksort()) - usort variant [ext/standard/tests/array/sort/bug50006_1.phpt]
TEST 733/841 [ext/standard/tests/array/sort/bug50006_2.phpt][1;32mPASS[0m Bug #50006 (Segfault caused by uksort()) - uasort variant [ext/standard/tests/array/sort/bug50006_2.phpt]
TEST 734/841 [ext/standard/tests/array/sort/bug71334.phpt][1;32mPASS[0m Bug #71334: Cannot access array keys while uksort() [ext/standard/tests/array/sort/bug71334.phpt]
TEST 735/841 [ext/standard/tests/array/sort/bug77395.phpt][1;32mPASS[0m Bug #77395 (segfault about array_multisort) [ext/standard/tests/array/sort/bug77395.phpt]
TEST 736/841 [ext/standard/tests/array/sort/gh9296.phpt][1;32mPASS[0m GH-9296: incorrect ksort(..., SORT_REGULAR) behaviour on arrays with numeric and string keys [ext/standard/tests/array/sort/gh9296.phpt]
TEST 737/841 [ext/standard/tests/array/sort/internal_sorts_basic.phpt][1;32mPASS[0m Test arsort, asort, krsort, ksort, rsort, and sort [ext/standard/tests/array/sort/internal_sorts_basic.phpt]
TEST 738/841 [ext/standard/tests/array/sort/krsort_basic.phpt][1;32mPASS[0m Test krsort() function : basic functionality [ext/standard/tests/array/sort/krsort_basic.phpt]
TEST 739/841 [ext/standard/tests/array/sort/krsort_object.phpt][1;32mPASS[0m Test krsort() function : object functionality - sort objects [ext/standard/tests/array/sort/krsort_object.phpt]
TEST 740/841 [ext/standard/tests/array/sort/krsort_variation10.phpt][1;32mPASS[0m Test krsort() function : usage variations - sort heredoc strings [ext/standard/tests/array/sort/krsort_variation10.phpt]
TEST 741/841 [ext/standard/tests/array/sort/krsort_variation11.phpt][1;32mPASS[0m Test krsort() function : usage variations - sort bool values [ext/standard/tests/array/sort/krsort_variation11.phpt]
TEST 742/841 [ext/standard/tests/array/sort/krsort_variation3.phpt][1;32mPASS[0m Test krsort() function : usage variations - sort integer/float values [ext/standard/tests/array/sort/krsort_variation3.phpt]
TEST 743/841 [ext/standard/tests/array/sort/krsort_variation4.phpt][1;32mPASS[0m Test krsort() function : usage variations - sort octal values [ext/standard/tests/array/sort/krsort_variation4.phpt]
TEST 744/841 [ext/standard/tests/array/sort/krsort_variation5.phpt][1;32mPASS[0m Test krsort() function : usage variations - sort strings [ext/standard/tests/array/sort/krsort_variation5.phpt]
TEST 745/841 [ext/standard/tests/array/sort/krsort_variation6.phpt][1;32mPASS[0m Test krsort() function : usage variations - sort hexadecimal values [ext/standard/tests/array/sort/krsort_variation6.phpt]
TEST 746/841 [ext/standard/tests/array/sort/krsort_variation7.phpt][1;32mPASS[0m Test krsort() function : usage variations - sort array with diff. sub arrays [ext/standard/tests/array/sort/krsort_variation7.phpt]
TEST 747/841 [ext/standard/tests/array/sort/krsort_variation8.phpt][1;32mPASS[0m Test krsort() function : usage variations - sort mixed values, 'sort_flags' as default/SORT_REGULAR (OK to fail as result is unpredectable) [ext/standard/tests/array/sort/krsort_variation8.phpt]
TEST 748/841 [ext/standard/tests/array/sort/krsort_variation9.phpt][1;32mPASS[0m Test krsort() function : usage variations - sort array with/without key values [ext/standard/tests/array/sort/krsort_variation9.phpt]
TEST 749/841 [ext/standard/tests/array/sort/krsort_variation_escape_sequences.phpt][1;32mPASS[0m Test krsort() function: sorting escape sequences [ext/standard/tests/array/sort/krsort_variation_escape_sequences.phpt]
TEST 750/841 [ext/standard/tests/array/sort/ksort_basic.phpt][1;32mPASS[0m Test ksort() function : basic functionality [ext/standard/tests/array/sort/ksort_basic.phpt]
TEST 751/841 [ext/standard/tests/array/sort/ksort_object.phpt][1;32mPASS[0m Test ksort() function : object functionality - sort objects [ext/standard/tests/array/sort/ksort_object.phpt]
TEST 752/841 [ext/standard/tests/array/sort/ksort_variation10.phpt][1;32mPASS[0m Test ksort() function : usage variations - sort octal values [ext/standard/tests/array/sort/ksort_variation10.phpt]
TEST 753/841 [ext/standard/tests/array/sort/ksort_variation11.phpt][1;32mPASS[0m Test ksort() function : usage variations - sort heredoc strings [ext/standard/tests/array/sort/ksort_variation11.phpt]
TEST 754/841 [ext/standard/tests/array/sort/ksort_variation3.phpt][1;32mPASS[0m Test ksort() function : usage variations - sort integer/float values [ext/standard/tests/array/sort/ksort_variation3.phpt]
TEST 755/841 [ext/standard/tests/array/sort/ksort_variation4.phpt][1;32mPASS[0m Test ksort() function : usage variations - sort bool values [ext/standard/tests/array/sort/ksort_variation4.phpt]
TEST 756/841 [ext/standard/tests/array/sort/ksort_variation5.phpt][1;32mPASS[0m Test ksort() function : usage variations - sort strings [ext/standard/tests/array/sort/ksort_variation5.phpt]
TEST 757/841 [ext/standard/tests/array/sort/ksort_variation6.phpt][1;32mPASS[0m Test ksort() function : usage variations - sort hexadecimal values [ext/standard/tests/array/sort/ksort_variation6.phpt]
TEST 758/841 [ext/standard/tests/array/sort/ksort_variation7.phpt][1;32mPASS[0m Test ksort() function : usage variations - sort array with diff. sub arrays [ext/standard/tests/array/sort/ksort_variation7.phpt]
TEST 759/841 [ext/standard/tests/array/sort/ksort_variation8.phpt][1;32mPASS[0m Test ksort() function : usage variations - sort mixed values, 'sort_flags' as default/SORT_REGULAR (OK to fail as result is unpredectable) [ext/standard/tests/array/sort/ksort_variation8.phpt]
TEST 760/841 [ext/standard/tests/array/sort/ksort_variation9.phpt][1;32mPASS[0m Test ksort() function : usage variations - sorting arrays with/without keys [ext/standard/tests/array/sort/ksort_variation9.phpt]
TEST 761/841 [ext/standard/tests/array/sort/ksort_variation_escape_sequences.phpt][1;32mPASS[0m Test ksort() function: sorting escape sequences [ext/standard/tests/array/sort/ksort_variation_escape_sequences.phpt]
TEST 762/841 [ext/standard/tests/array/sort/locale_sort.phpt][1;33mSKIP[0m Sort with SORT_LOCALE_STRING [ext/standard/tests/array/sort/locale_sort.phpt] reason: setlocale() failed
TEST 763/841 [ext/standard/tests/array/sort/natcasesort_basic.phpt][1;32mPASS[0m Test natcasesort() function : basic functionality [ext/standard/tests/array/sort/natcasesort_basic.phpt]
TEST 764/841 [ext/standard/tests/array/sort/natcasesort_object1.phpt][1;32mPASS[0m Test natcasesort() function : object functionality - array of objects [ext/standard/tests/array/sort/natcasesort_object1.phpt]
TEST 765/841 [ext/standard/tests/array/sort/natcasesort_object2.phpt][1;32mPASS[0m Test natcasesort() function : object functionality - mixed visibility within objects [ext/standard/tests/array/sort/natcasesort_object2.phpt]
TEST 766/841 [ext/standard/tests/array/sort/natcasesort_variation10.phpt][1;32mPASS[0m Test natcasesort() function : usage variations - position of internal array pointer [ext/standard/tests/array/sort/natcasesort_variation10.phpt]
TEST 767/841 [ext/standard/tests/array/sort/natcasesort_variation11.phpt][1;32mPASS[0m Test natcasesort() function : usage variations - Different array keys [ext/standard/tests/array/sort/natcasesort_variation11.phpt]
TEST 768/841 [ext/standard/tests/array/sort/natcasesort_variation2.phpt][1;32mPASS[0m Test natcasesort() function : usage variations - Pass arrays of different data types [ext/standard/tests/array/sort/natcasesort_variation2.phpt]
TEST 769/841 [ext/standard/tests/array/sort/natcasesort_variation3.phpt][1;33mSKIP[0m Test natcasesort() function : usage variations - different numeric types [ext/standard/tests/array/sort/natcasesort_variation3.phpt] reason: this test is for 32bit platform only
TEST 770/841 [ext/standard/tests/array/sort/natcasesort_variation4.phpt][1;32mPASS[0m Test natcasesort() function : usage variations - different string types [ext/standard/tests/array/sort/natcasesort_variation4.phpt]
TEST 771/841 [ext/standard/tests/array/sort/natcasesort_variation5.phpt][1;32mPASS[0m Test natcasesort() function : usage variations - different hex values [ext/standard/tests/array/sort/natcasesort_variation5.phpt]
TEST 772/841 [ext/standard/tests/array/sort/natcasesort_variation6.phpt][1;32mPASS[0m Test natcasesort() function : usage variations - referenced variables [ext/standard/tests/array/sort/natcasesort_variation6.phpt]
TEST 773/841 [ext/standard/tests/array/sort/natcasesort_variation7.phpt][1;32mPASS[0m Test natcasesort() function : usage variations - recursive arrays [ext/standard/tests/array/sort/natcasesort_variation7.phpt]
TEST 774/841 [ext/standard/tests/array/sort/natcasesort_variation8.phpt][1;32mPASS[0m Test natcasesort() function : usage variations - octal values [ext/standard/tests/array/sort/natcasesort_variation8.phpt]
TEST 775/841 [ext/standard/tests/array/sort/natcasesort_variation9.phpt][1;32mPASS[0m Test natcasesort() function : usage variations - mixed array [ext/standard/tests/array/sort/natcasesort_variation9.phpt]
TEST 776/841 [ext/standard/tests/array/sort/natsort_basic.phpt][1;32mPASS[0m Test natsort(): basic functionality [ext/standard/tests/array/sort/natsort_basic.phpt]
TEST 777/841 [ext/standard/tests/array/sort/natsort_natcasesort_basics.phpt][1;32mPASS[0m Test natsort and natcasesort [ext/standard/tests/array/sort/natsort_natcasesort_basics.phpt]
TEST 778/841 [ext/standard/tests/array/sort/rsort_basic.phpt][1;32mPASS[0m Test rsort() function : basic functionality [ext/standard/tests/array/sort/rsort_basic.phpt]
TEST 779/841 [ext/standard/tests/array/sort/rsort_object1.phpt][1;32mPASS[0m Test rsort() function : object functionality [ext/standard/tests/array/sort/rsort_object1.phpt]
TEST 780/841 [ext/standard/tests/array/sort/rsort_object2.phpt][1;32mPASS[0m Test rsort() function : object functionality - different visibilities [ext/standard/tests/array/sort/rsort_object2.phpt]
TEST 781/841 [ext/standard/tests/array/sort/rsort_variation10.phpt][1;32mPASS[0m Test rsort() function : usage variations - Octal values [ext/standard/tests/array/sort/rsort_variation10.phpt]
TEST 782/841 [ext/standard/tests/array/sort/rsort_variation11.phpt][1;32mPASS[0m Test rsort() function : usage variations - mixed array [ext/standard/tests/array/sort/rsort_variation11.phpt]
TEST 783/841 [ext/standard/tests/array/sort/rsort_variation3.phpt][1;33mSKIP[0m Test rsort() function : usage variations - numeric values [ext/standard/tests/array/sort/rsort_variation3.phpt] reason: this test is for 32bit platform only
TEST 784/841 [ext/standard/tests/array/sort/rsort_variation4.phpt][1;32mPASS[0m Test rsort() function : usage variations - referenced variables [ext/standard/tests/array/sort/rsort_variation4.phpt]
TEST 785/841 [ext/standard/tests/array/sort/rsort_variation5.phpt][1;32mPASS[0m Test rsort() function : usage variations - String values [ext/standard/tests/array/sort/rsort_variation5.phpt]
TEST 786/841 [ext/standard/tests/array/sort/rsort_variation6.phpt][1;32mPASS[0m Test rsort() function : usage variations - Hexadecimal vales [ext/standard/tests/array/sort/rsort_variation6.phpt]
TEST 787/841 [ext/standard/tests/array/sort/rsort_variation7.phpt][1;32mPASS[0m Test rsort() function : usage variations - boolean values [ext/standard/tests/array/sort/rsort_variation7.phpt]
TEST 788/841 [ext/standard/tests/array/sort/rsort_variation8.phpt][1;32mPASS[0m Test rsort() function : usage variations - multi-dimensional arrays [ext/standard/tests/array/sort/rsort_variation8.phpt]
TEST 789/841 [ext/standard/tests/array/sort/rsort_variation9.phpt][1;32mPASS[0m Test rsort() function : usage variations - mixed associative arrays [ext/standard/tests/array/sort/rsort_variation9.phpt]
TEST 790/841 [ext/standard/tests/array/sort/rsort_variation_escape_sequences.phpt][1;32mPASS[0m Test rsort() function: sorting escape sequences [ext/standard/tests/array/sort/rsort_variation_escape_sequences.phpt]
TEST 791/841 [ext/standard/tests/array/sort/shuffle_basic1.phpt][1;32mPASS[0m Test shuffle() function : basic functionality - array with default keys [ext/standard/tests/array/sort/shuffle_basic1.phpt]
TEST 792/841 [ext/standard/tests/array/sort/shuffle_basic2.phpt][1;32mPASS[0m Test shuffle() function : basic functionality -  with associative array [ext/standard/tests/array/sort/shuffle_basic2.phpt]
TEST 793/841 [ext/standard/tests/array/sort/shuffle_variation2.phpt][1;32mPASS[0m Test shuffle() function : usage variation - with MultiDimensional array [ext/standard/tests/array/sort/shuffle_variation2.phpt]
TEST 794/841 [ext/standard/tests/array/sort/shuffle_variation3.phpt][1;32mPASS[0m Test shuffle() function : usage variation - arrays with diff types of values [ext/standard/tests/array/sort/shuffle_variation3.phpt]
TEST 795/841 [ext/standard/tests/array/sort/shuffle_variation4.phpt][1;32mPASS[0m Test shuffle() function : usage variation - associative arrays with diff types of values [ext/standard/tests/array/sort/shuffle_variation4.phpt]
TEST 796/841 [ext/standard/tests/array/sort/shuffle_variation5.phpt][1;32mPASS[0m Test shuffle() function : usage variation - arrays with diff heredoc strings [ext/standard/tests/array/sort/shuffle_variation5.phpt]
TEST 797/841 [ext/standard/tests/array/sort/sort_basic.phpt][1;32mPASS[0m Test sort() function : basic functionality [ext/standard/tests/array/sort/sort_basic.phpt]
TEST 798/841 [ext/standard/tests/array/sort/sort_object1.phpt][1;32mPASS[0m Test sort() function : object functionality - sorting objects, 'sort_flags' as default/SORT_REGULAR [ext/standard/tests/array/sort/sort_object1.phpt]
TEST 799/841 [ext/standard/tests/array/sort/sort_object2.phpt][1;32mPASS[0m Test sort() function : object functionality - sorting objects with diff. accessibility of member vars [ext/standard/tests/array/sort/sort_object2.phpt]
TEST 800/841 [ext/standard/tests/array/sort/sort_variation10.phpt][1;32mPASS[0m Test sort() function : usage variations - sort octal values [ext/standard/tests/array/sort/sort_variation10.phpt]
TEST 801/841 [ext/standard/tests/array/sort/sort_variation11.phpt][1;32mPASS[0m Test sort() function : usage variations - sort mixed values, 'sort_flag' as default/SORT_REGULAR (OK to fail as result is unpredectable) [ext/standard/tests/array/sort/sort_variation11.phpt]
TEST 802/841 [ext/standard/tests/array/sort/sort_variation3.phpt][1;32mPASS[0m Test sort() function : usage variations - sort integer/float values [ext/standard/tests/array/sort/sort_variation3.phpt]
TEST 803/841 [ext/standard/tests/array/sort/sort_variation4.phpt][1;32mPASS[0m Test sort() function : usage variations - sort reference values [ext/standard/tests/array/sort/sort_variation4.phpt]
TEST 804/841 [ext/standard/tests/array/sort/sort_variation5.phpt][1;32mPASS[0m Test sort() function : usage variations - sort strings [ext/standard/tests/array/sort/sort_variation5.phpt]
TEST 805/841 [ext/standard/tests/array/sort/sort_variation6.phpt][1;32mPASS[0m Test sort() function : usage variations - sort hexadecimal values [ext/standard/tests/array/sort/sort_variation6.phpt]
TEST 806/841 [ext/standard/tests/array/sort/sort_variation7.phpt][1;32mPASS[0m Test sort() function : usage variations - sort boolean values [ext/standard/tests/array/sort/sort_variation7.phpt]
TEST 807/841 [ext/standard/tests/array/sort/sort_variation8.phpt][1;32mPASS[0m Test sort() function : usage variations - sort array with diff. sub arrays, 'sort_flags' as default/SORT_REGULAR [ext/standard/tests/array/sort/sort_variation8.phpt]
TEST 808/841 [ext/standard/tests/array/sort/sort_variation9.phpt][1;32mPASS[0m Test sort() function : usage variations - sort diff. associative arrays, 'sort_flags' as default/SORT_REGULAR [ext/standard/tests/array/sort/sort_variation9.phpt]
TEST 809/841 [ext/standard/tests/array/sort/sort_variation_escape_sequences.phpt][1;32mPASS[0m Test sort() function: sorting escape sequences [ext/standard/tests/array/sort/sort_variation_escape_sequences.phpt]
TEST 810/841 [ext/standard/tests/array/sort/uasort_basic1.phpt][1;32mPASS[0m Test uasort() function : basic functionality [ext/standard/tests/array/sort/uasort_basic1.phpt]
TEST 811/841 [ext/standard/tests/array/sort/uasort_basic2.phpt][1;32mPASS[0m Test uasort() function : basic functionality - duplicate values [ext/standard/tests/array/sort/uasort_basic2.phpt]
TEST 812/841 [ext/standard/tests/array/sort/uasort_object1.phpt][1;32mPASS[0m Test uasort() function : object functionality [ext/standard/tests/array/sort/uasort_object1.phpt]
TEST 813/841 [ext/standard/tests/array/sort/uasort_object2.phpt][1;32mPASS[0m Test uasort() function : object functionality - sort diff. objects [ext/standard/tests/array/sort/uasort_object2.phpt]
TEST 814/841 [ext/standard/tests/array/sort/uasort_variation10.phpt][1;32mPASS[0m Test uasort() function : usage variations - sort array with reference variables [ext/standard/tests/array/sort/uasort_variation10.phpt]
TEST 815/841 [ext/standard/tests/array/sort/uasort_variation11.phpt][1;32mPASS[0m Test uasort() function : usage variations - different associative arrays [ext/standard/tests/array/sort/uasort_variation11.phpt]
TEST 816/841 [ext/standard/tests/array/sort/uasort_variation3.phpt][1;32mPASS[0m Test uasort() function : usage variations - sort array with all possible keys [ext/standard/tests/array/sort/uasort_variation3.phpt]
TEST 817/841 [ext/standard/tests/array/sort/uasort_variation4.phpt][1;32mPASS[0m Test uasort() function : usage variations - sort different numeric values [ext/standard/tests/array/sort/uasort_variation4.phpt]
TEST 818/841 [ext/standard/tests/array/sort/uasort_variation5.phpt][1;32mPASS[0m Test uasort() function : usage variations - sort diff. strings [ext/standard/tests/array/sort/uasort_variation5.phpt]
TEST 819/841 [ext/standard/tests/array/sort/uasort_variation6.phpt][1;32mPASS[0m Test uasort() function : usage variations - sort array having subarrays [ext/standard/tests/array/sort/uasort_variation6.phpt]
TEST 820/841 [ext/standard/tests/array/sort/uasort_variation7.phpt][1;32mPASS[0m Test uasort() function : usage variations - anonymous function as 'cmp_function' [ext/standard/tests/array/sort/uasort_variation7.phpt]
TEST 821/841 [ext/standard/tests/array/sort/uasort_variation8.phpt][1;32mPASS[0m Test uasort() function : usage variations - built-in function as 'cmp_function' [ext/standard/tests/array/sort/uasort_variation8.phpt]
TEST 822/841 [ext/standard/tests/array/sort/uksort_basic.phpt][1;32mPASS[0m Test uksort(): basic functionality [ext/standard/tests/array/sort/uksort_basic.phpt]
TEST 823/841 [ext/standard/tests/array/sort/user_sort_basics.phpt][1;32mPASS[0m Test usort, uksort and uasort [ext/standard/tests/array/sort/user_sort_basics.phpt]
TEST 824/841 [ext/standard/tests/array/sort/usort_basic.phpt][1;32mPASS[0m Test usort() function : basic functionality [ext/standard/tests/array/sort/usort_basic.phpt]
TEST 825/841 [ext/standard/tests/array/sort/usort_object1.phpt][1;32mPASS[0m Test usort() function : object functionality - different number of properties [ext/standard/tests/array/sort/usort_object1.phpt]
TEST 826/841 [ext/standard/tests/array/sort/usort_object2.phpt][1;32mPASS[0m Test usort() function : object functionality - Different types of classes [ext/standard/tests/array/sort/usort_object2.phpt]
TEST 827/841 [ext/standard/tests/array/sort/usort_stability.phpt][1;32mPASS[0m usort() is stable [ext/standard/tests/array/sort/usort_stability.phpt]
TEST 828/841 [ext/standard/tests/array/sort/usort_variation10.phpt][1;32mPASS[0m Test usort() function : usage variations - duplicate keys and values [ext/standard/tests/array/sort/usort_variation10.phpt]
TEST 829/841 [ext/standard/tests/array/sort/usort_variation11.phpt][1;32mPASS[0m Test usort() function : usage variations - malformed comparison function returning boolean [ext/standard/tests/array/sort/usort_variation11.phpt]
TEST 830/841 [ext/standard/tests/array/sort/usort_variation3.phpt][1;32mPASS[0m Test usort() function : usage variations - diff. array values [ext/standard/tests/array/sort/usort_variation3.phpt]
TEST 831/841 [ext/standard/tests/array/sort/usort_variation4.phpt][1;32mPASS[0m Test usort() function : usage variations - numeric data [ext/standard/tests/array/sort/usort_variation4.phpt]
TEST 832/841 [ext/standard/tests/array/sort/usort_variation5.phpt][1;32mPASS[0m Test usort() function : usage variations - string data [ext/standard/tests/array/sort/usort_variation5.phpt]
TEST 833/841 [ext/standard/tests/array/sort/usort_variation6.phpt][1;32mPASS[0m Test usort() function : usage variations - multi-dimensional arrays [ext/standard/tests/array/sort/usort_variation6.phpt]
TEST 834/841 [ext/standard/tests/array/sort/usort_variation7.phpt][1;32mPASS[0m Test usort() function : usage variations - Anonymous comparison function [ext/standard/tests/array/sort/usort_variation7.phpt]
TEST 835/841 [ext/standard/tests/array/sort/usort_variation8.phpt][1;32mPASS[0m Test usort() function : usage variations - use built in functions as $cmp_function arg [ext/standard/tests/array/sort/usort_variation8.phpt]
TEST 836/841 [ext/standard/tests/array/sort/usort_variation9.phpt][1;32mPASS[0m Test usort() function : usage variations - referenced variables [ext/standard/tests/array/sort/usort_variation9.phpt]
TEST 837/841 [ext/standard/tests/array/unexpected_array_mod_bug.phpt][1;32mPASS[0m Crash when function parameter modified via reference [ext/standard/tests/array/unexpected_array_mod_bug.phpt]
TEST 838/841 [ext/standard/tests/array/unexpected_array_mod_bug_variation1.phpt][1;32mPASS[0m Crash when function parameter modified via reference while keeping orig refcount [ext/standard/tests/array/unexpected_array_mod_bug_variation1.phpt]
TEST 839/841 [ext/standard/tests/array/var_export.phpt][1;32mPASS[0m var_export() and objects with numeric indexes properties [ext/standard/tests/array/var_export.phpt]
TEST 840/841 [ext/standard/tests/array/var_export2.phpt][1;32mPASS[0m var_export() and empty array keys [ext/standard/tests/array/var_export2.phpt]
TEST 841/841 [ext/standard/tests/array/var_export3.phpt][1;32mPASS[0m var_export() and classes [ext/standard/tests/array/var_export3.phpt]
=====================================================================
Number of tests :   841               828
Tests skipped   :    13 (  1.5%) --------
Tests warned    :     0 (  0.0%) (  0.0%)
Tests failed    :     6 (  0.7%) (  0.7%)
Tests passed    :   822 ( 97.7%) ( 99.3%)
---------------------------------------------------------------------
Time taken      : 12.257 seconds
=====================================================================

=====================================================================
FAILED TEST SUMMARY
---------------------------------------------------------------------
GH-14140: Floating point bug in range operation on Apple Silicon hardware [ext/standard/tests/array/gh14140.phpt]
Bug #54459 (Range function accuracy) [ext/standard/tests/array/range/bug54459.phpt]
GH-13094 (range(9.9, '0') causes segmentation fault) [ext/standard/tests/array/range/gh13094.phpt]
Bug #72017 (incorrect truncation due to floating point precision issue) [ext/standard/tests/array/range/range_bug72017.phpt]
Test range() function with null as argument. [ext/standard/tests/array/range/range_inputs_null_variations.phpt]
Test range() function with unexpected string inputs [ext/standard/tests/array/range/range_inputs_string_invalid.phpt]
=====================================================================
